[     136ms] [LOG] [Fast Refresh] rebuilding @ http://localhost:3000/_next/static/chunks/883b8_next_dist_9ee7ee9b._.js:2297
[     286ms] [LOG] [Fast Refresh] done in 252ms @ http://localhost:3000/_next/static/chunks/883b8_next_dist_9ee7ee9b._.js:2297
[     454ms] [INFO] %cDownload the React DevTools for a better development experience: https://react.dev/link/react-devtools font-weight:bold @ http://localhost:3000/_next/static/chunks/883b8_next_dist_9ee7ee9b._.js:2297
[     478ms] [LOG] [HMR] connected @ http://localhost:3000/_next/static/chunks/883b8_next_dist_9ee7ee9b._.js:2297
[   40384ms] [LOG] [Fast Refresh] rebuilding @ http://localhost:3000/_next/static/chunks/883b8_next_dist_9ee7ee9b._.js:2297
[   40414ms] [LOG] [Fast Refresh] done in 45ms @ http://localhost:3000/_next/static/chunks/883b8_next_dist_9ee7ee9b._.js:2297
[  754669ms] [LOG] [Fast Refresh] rebuilding @ http://localhost:3000/_next/static/chunks/883b8_next_dist_9ee7ee9b._.js:2297
[  754699ms] [LOG] [Fast Refresh] done in 42ms @ http://localhost:3000/_next/static/chunks/883b8_next_dist_9ee7ee9b._.js:2297
[  787160ms] [LOG] [Fast Refresh] rebuilding @ http://localhost:3000/_next/static/chunks/883b8_next_dist_9ee7ee9b._.js:2297
[  787331ms] [ERROR] ./ShipStudio/pagespeed-auditor/node_modules/next/dist/client/next-dev-turbopack.js:8:71
Module not found: Can't resolve './dev/hot-middleware-client'
Failed to restore task data (corrupted database or bug): Meta for Request::parse_inner (TaskId 122459))

Debug info:
- Execution of <ModuleAssetContext as AssetContext>::process_resolve_result failed
- Execution of <ModuleAssetContext as AssetContext>::process failed
- Execution of *EcmascriptExports::split_locals_and_reexports failed
- Execution of <EcmascriptModuleAsset as EcmascriptChunkPlaceable>::get_exports failed
- Execution of analyze_ecmascript_module failed
- Failed to restore task data (corrupted database or bug): Meta for Request::parse_inner (TaskId 122459))
  
  Caused by:
      0: Looking up data for TaskId 122459 from database failed
      1: Unable to open static sorted file referenced from 00000033.meta
      2: Unable to open static sorted file 00000028.sst
      3: No such file or directory (os error 2)

https://nextjs.org/docs/messages/module-not-found @ http://localhost:3000/_next/static/chunks/883b8_next_dist_9ee7ee9b._.js:3127
[  787331ms] [ERROR] ./ShipStudio/pagespeed-auditor/_
Module not found: Can't resolve 'next/dist/compiled/@next/react-refresh-utils/dist/runtime'
Failed to restore task data (corrupted database or bug): Meta for ModuleOptions::new (TaskId 121861))

Debug info:
- Execution of <ModuleAssetContext as AssetContext>::process_resolve_result failed
- Execution of <ModuleAssetContext as AssetContext>::process failed
- Execution of ModuleOptions::new failed
- Failed to restore task data (corrupted database or bug): Meta for ModuleOptions::new (TaskId 121861))
  
  Caused by:
      0: Looking up data for TaskId 121861 from database failed
      1: Unable to open static sorted file referenced from 00000033.meta
      2: Unable to open static sorted file 00000028.sst
      3: No such file or directory (os error 2)
Import map: aliased to module 'next' with subpath '/dist/compiled/@next/react-refresh-utils/dist/runtime' inside of [project]/ShipStudio/pagespeed-auditor

https://nextjs.org/docs/messages/module-not-found @ http://localhost:3000/_next/static/chunks/883b8_next_dist_9ee7ee9b._.js:3127
[  787372ms] [ERROR] Failed to load resource: the server responded with a status of 500 (Internal Server Error) @ http://localhost:3000/settings?_rsc=1ilqu:0
[  787425ms] [ERROR] ./ShipStudio/pagespeed-auditor/node_modules/next/dist/client/next-dev-turbopack.js:8:71
Module not found: Can't resolve './dev/hot-middleware-client'
Failed to restore task data (corrupted database or bug): Meta for Request::parse_inner (TaskId 122459))

Debug info:
- Execution of <ModuleAssetContext as AssetContext>::process_resolve_result failed
- Execution of <ModuleAssetContext as AssetContext>::process failed
- Execution of *EcmascriptExports::split_locals_and_reexports failed
- Execution of <EcmascriptModuleAsset as EcmascriptChunkPlaceable>::get_exports failed
- Execution of analyze_ecmascript_module failed
- Failed to restore task data (corrupted database or bug): Meta for Request::parse_inner (TaskId 122459))
  
  Caused by:
      0: Looking up data for TaskId 122459 from database failed
      1: Unable to open static sorted file referenced from 00000033.meta
      2: Unable to open static sorted file 00000028.sst
      3: No such file or directory (os error 2)

https://nextjs.org/docs/messages/module-not-found @ http://localhost:3000/_next/static/chunks/883b8_next_dist_9ee7ee9b._.js:3127
[  787426ms] [ERROR] ./ShipStudio/pagespeed-auditor/_
Module not found: Can't resolve 'next/dist/compiled/@next/react-refresh-utils/dist/runtime'
Failed to restore task data (corrupted database or bug): Meta for ModuleOptions::new (TaskId 121861))

Debug info:
- Execution of <ModuleAssetContext as AssetContext>::process_resolve_result failed
- Execution of <ModuleAssetContext as AssetContext>::process failed
- Execution of ModuleOptions::new failed
- Failed to restore task data (corrupted database or bug): Meta for ModuleOptions::new (TaskId 121861))
  
  Caused by:
      0: Looking up data for TaskId 121861 from database failed
      1: Unable to open static sorted file referenced from 00000033.meta
      2: Unable to open static sorted file 00000028.sst
      3: No such file or directory (os error 2)
Import map: aliased to module 'next' with subpath '/dist/compiled/@next/react-refresh-utils/dist/runtime' inside of [project]/ShipStudio/pagespeed-auditor

https://nextjs.org/docs/messages/module-not-found @ http://localhost:3000/_next/static/chunks/883b8_next_dist_9ee7ee9b._.js:3127
[  787433ms] [LOG] [Fast Refresh] rebuilding @ http://localhost:3000/_next/static/chunks/883b8_next_dist_9ee7ee9b._.js:2297
[  787502ms] [ERROR] ./ShipStudio/pagespeed-auditor/node_modules/next/dist/client/next-dev-turbopack.js:8:71
Module not found: Can't resolve './dev/hot-middleware-client'
Failed to restore task data (corrupted database or bug): Meta for Request::parse_inner (TaskId 122459))

Debug info:
- Execution of <ModuleAssetContext as AssetContext>::process_resolve_result failed
- Execution of <ModuleAssetContext as AssetContext>::process failed
- Execution of *EcmascriptExports::split_locals_and_reexports failed
- Execution of <EcmascriptModuleAsset as EcmascriptChunkPlaceable>::get_exports failed
- Execution of analyze_ecmascript_module failed
- Failed to restore task data (corrupted database or bug): Meta for Request::parse_inner (TaskId 122459))
  
  Caused by:
      0: Looking up data for TaskId 122459 from database failed
      1: Unable to open static sorted file referenced from 00000033.meta
      2: Unable to open static sorted file 00000028.sst
      3: No such file or directory (os error 2)

https://nextjs.org/docs/messages/module-not-found @ http://localhost:3000/_next/static/chunks/883b8_next_dist_9ee7ee9b._.js:3127
[  787502ms] [ERROR] ./ShipStudio/pagespeed-auditor/_
Module not found: Can't resolve 'next/dist/compiled/@next/react-refresh-utils/dist/runtime'
Failed to restore task data (corrupted database or bug): Meta for ModuleOptions::new (TaskId 121861))

Debug info:
- Execution of <ModuleAssetContext as AssetContext>::process_resolve_result failed
- Execution of <ModuleAssetContext as AssetContext>::process failed
- Execution of ModuleOptions::new failed
- Failed to restore task data (corrupted database or bug): Meta for ModuleOptions::new (TaskId 121861))
  
  Caused by:
      0: Looking up data for TaskId 121861 from database failed
      1: Unable to open static sorted file referenced from 00000033.meta
      2: Unable to open static sorted file 00000028.sst
      3: No such file or directory (os error 2)
Import map: aliased to module 'next' with subpath '/dist/compiled/@next/react-refresh-utils/dist/runtime' inside of [project]/ShipStudio/pagespeed-auditor

https://nextjs.org/docs/messages/module-not-found @ http://localhost:3000/_next/static/chunks/883b8_next_dist_9ee7ee9b._.js:3127
[  787535ms] [LOG] [Fast Refresh] rebuilding @ http://localhost:3000/_next/static/chunks/883b8_next_dist_9ee7ee9b._.js:2297
[  787678ms] [LOG] [Fast Refresh] rebuilding @ http://localhost:3000/_next/static/chunks/883b8_next_dist_9ee7ee9b._.js:2297
[  787686ms] [ERROR] ./ShipStudio/pagespeed-auditor/node_modules/next/dist/client/next-dev-turbopack.js:8:71
Module not found: Can't resolve './dev/hot-middleware-client'
Failed to restore task data (corrupted database or bug): Meta for Request::parse_inner (TaskId 122459))

Debug info:
- Execution of <ModuleAssetContext as AssetContext>::process_resolve_result failed
- Execution of <ModuleAssetContext as AssetContext>::process failed
- Execution of *EcmascriptExports::split_locals_and_reexports failed
- Execution of <EcmascriptModuleAsset as EcmascriptChunkPlaceable>::get_exports failed
- Execution of analyze_ecmascript_module failed
- Failed to restore task data (corrupted database or bug): Meta for Request::parse_inner (TaskId 122459))
  
  Caused by:
      0: Looking up data for TaskId 122459 from database failed
      1: Unable to open static sorted file referenced from 00000033.meta
      2: Unable to open static sorted file 00000028.sst
      3: No such file or directory (os error 2)

https://nextjs.org/docs/messages/module-not-found @ http://localhost:3000/_next/static/chunks/883b8_next_dist_9ee7ee9b._.js:3127
[  787686ms] [ERROR] ./ShipStudio/pagespeed-auditor/_
Module not found: Can't resolve 'next/dist/compiled/@next/react-refresh-utils/dist/runtime'
Failed to restore task data (corrupted database or bug): Meta for ModuleOptions::new (TaskId 121861))

Debug info:
- Execution of <ModuleAssetContext as AssetContext>::process_resolve_result failed
- Execution of <ModuleAssetContext as AssetContext>::process failed
- Execution of ModuleOptions::new failed
- Failed to restore task data (corrupted database or bug): Meta for ModuleOptions::new (TaskId 121861))
  
  Caused by:
      0: Looking up data for TaskId 121861 from database failed
      1: Unable to open static sorted file referenced from 00000033.meta
      2: Unable to open static sorted file 00000028.sst
      3: No such file or directory (os error 2)
Import map: aliased to module 'next' with subpath '/dist/compiled/@next/react-refresh-utils/dist/runtime' inside of [project]/ShipStudio/pagespeed-auditor

https://nextjs.org/docs/messages/module-not-found @ http://localhost:3000/_next/static/chunks/883b8_next_dist_9ee7ee9b._.js:3127
[  787788ms] [LOG] [Fast Refresh] rebuilding @ http://localhost:3000/_next/static/chunks/883b8_next_dist_9ee7ee9b._.js:2297
[  787801ms] [ERROR] ./ShipStudio/pagespeed-auditor/node_modules/next/dist/client/next-dev-turbopack.js:8:71
Module not found: Can't resolve './dev/hot-middleware-client'
Failed to restore task data (corrupted database or bug): Meta for Request::parse_inner (TaskId 122459))

Debug info:
- Execution of <ModuleAssetContext as AssetContext>::process_resolve_result failed
- Execution of <ModuleAssetContext as AssetContext>::process failed
- Execution of *EcmascriptExports::split_locals_and_reexports failed
- Execution of <EcmascriptModuleAsset as EcmascriptChunkPlaceable>::get_exports failed
- Execution of analyze_ecmascript_module failed
- Failed to restore task data (corrupted database or bug): Meta for Request::parse_inner (TaskId 122459))
  
  Caused by:
      0: Looking up data for TaskId 122459 from database failed
      1: Unable to open static sorted file referenced from 00000033.meta
      2: Unable to open static sorted file 00000028.sst
      3: No such file or directory (os error 2)

https://nextjs.org/docs/messages/module-not-found @ http://localhost:3000/_next/static/chunks/883b8_next_dist_9ee7ee9b._.js:3127
[  787801ms] [ERROR] ./ShipStudio/pagespeed-auditor/_
Module not found: Can't resolve 'next/dist/compiled/@next/react-refresh-utils/dist/runtime'
Failed to restore task data (corrupted database or bug): Meta for ModuleOptions::new (TaskId 121861))

Debug info:
- Execution of <ModuleAssetContext as AssetContext>::process_resolve_result failed
- Execution of <ModuleAssetContext as AssetContext>::process failed
- Execution of ModuleOptions::new failed
- Failed to restore task data (corrupted database or bug): Meta for ModuleOptions::new (TaskId 121861))
  
  Caused by:
      0: Looking up data for TaskId 121861 from database failed
      1: Unable to open static sorted file referenced from 00000033.meta
      2: Unable to open static sorted file 00000028.sst
      3: No such file or directory (os error 2)
Import map: aliased to module 'next' with subpath '/dist/compiled/@next/react-refresh-utils/dist/runtime' inside of [project]/ShipStudio/pagespeed-auditor

https://nextjs.org/docs/messages/module-not-found @ http://localhost:3000/_next/static/chunks/883b8_next_dist_9ee7ee9b._.js:3127
[  787802ms] [ERROR] ./ShipStudio/pagespeed-auditor/node_modules/next/dist/client/next-dev-turbopack.js:8:71
Module not found: Can't resolve './dev/hot-middleware-client'
Failed to restore task data (corrupted database or bug): Meta for Request::parse_inner (TaskId 122459))

Debug info:
- Execution of <ModuleAssetContext as AssetContext>::process_resolve_result failed
- Execution of <ModuleAssetContext as AssetContext>::process failed
- Execution of *EcmascriptExports::split_locals_and_reexports failed
- Execution of <EcmascriptModuleAsset as EcmascriptChunkPlaceable>::get_exports failed
- Execution of analyze_ecmascript_module failed
- Failed to restore task data (corrupted database or bug): Meta for Request::parse_inner (TaskId 122459))
  
  Caused by:
      0: Looking up data for TaskId 122459 from database failed
      1: Unable to open static sorted file referenced from 00000033.meta
      2: Unable to open static sorted file 00000028.sst
      3: No such file or directory (os error 2)

https://nextjs.org/docs/messages/module-not-found @ http://localhost:3000/_next/static/chunks/883b8_next_dist_9ee7ee9b._.js:3127
[  787802ms] [ERROR] ./ShipStudio/pagespeed-auditor/_
Module not found: Can't resolve 'next/dist/compiled/@next/react-refresh-utils/dist/runtime'
Failed to restore task data (corrupted database or bug): Meta for ModuleOptions::new (TaskId 121861))

Debug info:
- Execution of <ModuleAssetContext as AssetContext>::process_resolve_result failed
- Execution of <ModuleAssetContext as AssetContext>::process failed
- Execution of ModuleOptions::new failed
- Failed to restore task data (corrupted database or bug): Meta for ModuleOptions::new (TaskId 121861))
  
  Caused by:
      0: Looking up data for TaskId 121861 from database failed
      1: Unable to open static sorted file referenced from 00000033.meta
      2: Unable to open static sorted file 00000028.sst
      3: No such file or directory (os error 2)
Import map: aliased to module 'next' with subpath '/dist/compiled/@next/react-refresh-utils/dist/runtime' inside of [project]/ShipStudio/pagespeed-auditor

https://nextjs.org/docs/messages/module-not-found @ http://localhost:3000/_next/static/chunks/883b8_next_dist_9ee7ee9b._.js:3127
[  787885ms] [ERROR] Failed to load resource: the server responded with a status of 500 (Internal Server Error) @ http://localhost:3000/settings:0
