[     143ms] [LOG] [Fast Refresh] rebuilding @ http://localhost:3000/_next/static/chunks/883b8_next_dist_9ee7ee9b._.js:2297
[     189ms] [LOG] [Fast Refresh] done in 146ms @ http://localhost:3000/_next/static/chunks/883b8_next_dist_9ee7ee9b._.js:2297
[     329ms] [ERROR] Failed to load resource: the server responded with a status of 500 (Internal Server Error) @ http://localhost:3000/g/home:0
[     425ms] [INFO] %cDownload the React DevTools for a better development experience: https://react.dev/link/react-devtools font-weight:bold @ http://localhost:3000/_next/static/chunks/883b8_next_dist_9ee7ee9b._.js:2297
[     436ms] [LOG] %c%s%c prisma:error background: #e6e6e6;background: light-dark(rgba(0,0,0,0.1), rgba(255,255,255,0.25));color: #000000;color: light-dark(#000000, #ffffff);border-radius: 2px  Server   
Invalid `__TURBOPACK__imported__module__$5b$project$5d2f$ShipStudio$2f$pagespeed$2d$auditor$2f$lib$2f$db$2e$ts__$5b$app$2d$rsc$5d$__$28$ecmascript$29$__["prisma"].page.findMany()` invocation in
/Users/prashantdasari/ShipStudio/pagespeed-auditor/.next/dev/server/chunks/ssr/[root-of-the-server]__f5b21a0c._.js:262:168

  259 // Inactive pages are excluded everywhere in this file: they have left the
  260 // sitemap, will never be swept again, and counting them would inflate
  261 // `unaudited` permanently. Their history stays reachable by page id.
→ 262 __TURBOPACK__imported__module__$5b$project$5d2f$ShipStudio$2f$pagespeed$2d$auditor$2f$lib$2f$db$2e$ts__$5b$app$2d$rsc$5d$__$28$ecmascript$29$__["prisma"].page.findMany({
        where: {
          siteId: "cmt02hw8h00004tw6jcr08tuh",
          isActive: true,
          groupId: {
            not: null
          }
        },
        select: {
          id: true,
          groupId: true,
          sitemapIndex: true,
          ~~~~~~~~~~~~
          latestResultMobileId: true,
          latestResultDesktopId: true,
      ?   siteId?: true,
      ?   url?: true,
      ?   path?: true,
      ?   title?: true,
      ?   isActive?: true,
      ?   isManuallyGrouped?: true,
      ?   lastmod?: true,
      ?   lastAuditedAt?: true,
      ?   site?: true,
      ?   group?: true,
      ?   results?: true,
      ?   issues?: true,
      ?   _count?: true
        }
      })

Unknown field `sitemapIndex` for select statement on model `Page`. Available options are marked with ?. @ http://localhost:3000/_next/static/chunks/883b8_next_dist_9ee7ee9b._.js:2297
[     495ms] PrismaClientValidationError: 
Invalid `__TURBOPACK__imported__module__$5b$project$5d2f$ShipStudio$2f$pagespeed$2d$auditor$2f$lib$2f$db$2e$ts__$5b$app$2d$rsc$5d$__$28$ecmascript$29$__["prisma"].page.findMany()` invocation in
/Users/prashantdasari/ShipStudio/pagespeed-auditor/.next/dev/server/chunks/ssr/[root-of-the-server]__f5b21a0c._.js:262:168

  259 // Inactive pages are excluded everywhere in this file: they have left the
  260 // sitemap, will never be swept again, and counting them would inflate
  261 // `unaudited` permanently. Their history stays reachable by page id.
→ 262 __TURBOPACK__imported__module__$5b$project$5d2f$ShipStudio$2f$pagespeed$2d$auditor$2f$lib$2f$db$2e$ts__$5b$app$2d$rsc$5d$__$28$ecmascript$29$__["prisma"].page.findMany({
        where: {
          siteId: "cmt02hw8h00004tw6jcr08tuh",
          isActive: true,
          groupId: {
            not: null
          }
        },
        select: {
          id: true,
          groupId: true,
          sitemapIndex: true,
          ~~~~~~~~~~~~
          latestResultMobileId: true,
          latestResultDesktopId: true,
      ?   siteId?: true,
      ?   url?: true,
      ?   path?: true,
      ?   title?: true,
      ?   isActive?: true,
      ?   isManuallyGrouped?: true,
      ?   lastmod?: true,
      ?   lastAuditedAt?: true,
      ?   site?: true,
      ?   group?: true,
      ?   results?: true,
      ?   issues?: true,
      ?   _count?: true
        }
      })

Unknown field `sitemapIndex` for select statement on model `Page`. Available options are marked with ?.
    at  listGroupsWithAggregates (about://React/Server/file:///Users/prashantdasari/ShipStudio/pagespeed-auditor/.next/dev/server/chunks/ssr/%5Broot-of-the-server%5D__f5b21a0c._.js?25:247:29)
    at  GroupPage (about://React/Server/file:///Users/prashantdasari/ShipStudio/pagespeed-auditor/.next/dev/server/chunks/ssr/%5Broot-of-the-server%5D__f5b21a0c._.js?26:1274:32)
    at resolveErrorDev (http://localhost:3000/_next/static/chunks/883b8_next_dist_compiled_react-server-dom-turbopack_9ec52093._.js:1881:148)
    at processFullStringRow (http://localhost:3000/_next/static/chunks/883b8_next_dist_compiled_react-server-dom-turbopack_9ec52093._.js:2389:29)
    at processFullBinaryRow (http://localhost:3000/_next/static/chunks/883b8_next_dist_compiled_react-server-dom-turbopack_9ec52093._.js:2348:9)
    at processBinaryChunk (http://localhost:3000/_next/static/chunks/883b8_next_dist_compiled_react-server-dom-turbopack_9ec52093._.js:2457:221)
    at progress (http://localhost:3000/_next/static/chunks/883b8_next_dist_compiled_react-server-dom-turbopack_9ec52093._.js:2625:13)
[     488ms] [LOG] [HMR] connected @ http://localhost:3000/_next/static/chunks/883b8_next_dist_9ee7ee9b._.js:2297
[    3623ms] [WARNING] The resource http://localhost:3000/_next/static/chunks/%5Broot-of-the-server%5D__b50cb8d0._.css was preloaded using link preload but not used within a few seconds from the window's load event. Please make sure it has an appropriate `as` value and it is preloaded intentionally. @ http://localhost:3000/g/home:0
[   31118ms] [ERROR] WebSocket connection to 'ws://localhost:3000/_next/webpack-hmr?id=rCcJREdOilwuD6tJVoRrL' failed: Error in connection establishment: net::ERR_CONNECTION_REFUSED @ http://localhost:3000/_next/static/chunks/883b8_next_dist_client_93c1f073._.js:10876
[   32122ms] [ERROR] WebSocket connection to 'ws://localhost:3000/_next/webpack-hmr?id=rCcJREdOilwuD6tJVoRrL' failed: Error in connection establishment: net::ERR_CONNECTION_REFUSED @ http://localhost:3000/_next/static/chunks/883b8_next_dist_client_93c1f073._.js:10876
[   33362ms] [LOG] [HMR] connected @ http://localhost:3000/_next/static/chunks/883b8_next_dist_9ee7ee9b._.js:2297
[   36364ms] [WARNING] The resource http://localhost:3000/_next/static/chunks/%5Broot-of-the-server%5D__b50cb8d0._.css was preloaded using link preload but not used within a few seconds from the window's load event. Please make sure it has an appropriate `as` value and it is preloaded intentionally. @ http://localhost:3000/g/home:0
[   39509ms] [INFO] %cDownload the React DevTools for a better development experience: https://react.dev/link/react-devtools font-weight:bold @ http://localhost:3000/_next/static/chunks/883b8_next_dist_9ee7ee9b._.js:2297
[   39539ms] [LOG] [HMR] connected @ http://localhost:3000/_next/static/chunks/883b8_next_dist_9ee7ee9b._.js:2297
[   39738ms] [LOG] [Fast Refresh] rebuilding @ http://localhost:3000/_next/static/chunks/883b8_next_dist_9ee7ee9b._.js:2297
[   39935ms] [LOG] [Fast Refresh] done in 300ms @ http://localhost:3000/_next/static/chunks/883b8_next_dist_9ee7ee9b._.js:2297
