[     135ms] [LOG] [Fast Refresh] rebuilding @ http://localhost:3000/_next/static/chunks/883b8_next_dist_9ee7ee9b._.js:2297
[     316ms] [LOG] [Fast Refresh] done in 282ms @ http://localhost:3000/_next/static/chunks/883b8_next_dist_9ee7ee9b._.js:2297
[    1278ms] [INFO] %cDownload the React DevTools for a better development experience: https://react.dev/link/react-devtools font-weight:bold @ http://localhost:3000/_next/static/chunks/883b8_next_dist_9ee7ee9b._.js:2297
[    1312ms] [LOG] [HMR] connected @ http://localhost:3000/_next/static/chunks/883b8_next_dist_9ee7ee9b._.js:2297
[    1468ms] Error: Hydration failed because the server rendered HTML didn't match the client. As a result this tree will be regenerated on the client. This can happen if a SSR-ed Client Component used:

- A server/client branch `if (typeof window !== 'undefined')`.
- Variable input such as `Date.now()` or `Math.random()` which changes each time it's called.
- Date formatting in a user's locale which doesn't match the server.
- External changing data without sending a snapshot of it along with the HTML.
- Invalid HTML tag nesting.

It can also happen if the client has a browser extension installed which messes with the HTML before React loaded.

https://react.dev/link/hydration-mismatch

  ...
    <InnerLayoutRouter url="/p/cmt02un..." tree={[...]} params={{pageId:"cm..."}} cacheNode={{rsc:<Fragment>, ...}} ...>
      <SegmentViewNode type="page" pagePath="/ShipStudi...">
        <SegmentTrieNode>
        <PageReport>
          <AppShell>
            <div className="min-h-scre...">
              <a>
              <div className="flex">
                <nav>
                <div className="min-w-0 fl...">
                  <header>
                  <ActiveRunBar>
                  <details>
                  <main id="main" className="px-3 py-4 ...">
                    <div>
                    <section>
                    <section>
                    <section>
                    <section>
                    <div className="space-y-2">
                      <AuditSection>
                        <details open={true} className="overflow-h...">
                          <summary>
                          <ul className="divide-y d...">
                            <li>
                            <li>
                            <li>
                            <li>
                            <li>
                              <AuditItem>
                                <details className="group">
                                  <summary>
                                  <div className="space-y-3 ...">
                                    <p>
                                    <DetailTable>
                                      <div
-                                       className="-mx-1 overflow-x-auto"
                                      >
+                                       <div className="-mx-1 overflow-x-auto">
-                                       <table className="w-full min-w-[420px] border-collapse text-[11.5px]">
                                        ...
                            ...
                      ...
                    ...
      ...

    at throwOnHydrationMismatch (http://localhost:3000/_next/static/chunks/883b8_next_dist_compiled_react-dom_dd85c1dd._.js:3348:56)
    at beginWork (http://localhost:3000/_next/static/chunks/883b8_next_dist_compiled_react-dom_dd85c1dd._.js:6775:918)
    at runWithFiberInDEV (http://localhost:3000/_next/static/chunks/883b8_next_dist_compiled_react-dom_dd85c1dd._.js:965:74)
    at performUnitOfWork (http://localhost:3000/_next/static/chunks/883b8_next_dist_compiled_react-dom_dd85c1dd._.js:9562:97)
    at workLoopConcurrentByScheduler (http://localhost:3000/_next/static/chunks/883b8_next_dist_compiled_react-dom_dd85c1dd._.js:9558:58)
    at renderRootConcurrent (http://localhost:3000/_next/static/chunks/883b8_next_dist_compiled_react-dom_dd85c1dd._.js:9541:71)
    at performWorkOnRoot (http://localhost:3000/_next/static/chunks/883b8_next_dist_compiled_react-dom_dd85c1dd._.js:9068:150)
    at performWorkOnRootViaSchedulerTask (http://localhost:3000/_next/static/chunks/883b8_next_dist_compiled_react-dom_dd85c1dd._.js:10230:9)
    at MessagePort.performWorkUntilDeadline (http://localhost:3000/_next/static/chunks/883b8_next_dist_compiled_041f5896._.js:2647:64)
[   63551ms] [LOG] [Fast Refresh] rebuilding @ http://localhost:3000/_next/static/chunks/883b8_next_dist_9ee7ee9b._.js:2297
[   63712ms] [LOG] [Fast Refresh] done in 35ms @ http://localhost:3000/_next/static/chunks/883b8_next_dist_9ee7ee9b._.js:2297
[   63856ms] [LOG] %c%s%c prisma:error background: #e6e6e6;background: light-dark(rgba(0,0,0,0.1), rgba(255,255,255,0.25));color: #000000;color: light-dark(#000000, #ffffff);border-radius: 2px  Server   
Invalid `__TURBOPACK__imported__module__$5b$project$5d2f$ShipStudio$2f$pagespeed$2d$auditor$2f$lib$2f$db$2e$ts__$5b$app$2d$rsc$5d$__$28$ecmascript$29$__["prisma"].group.findMany()` invocation in
/Users/prashantdasari/ShipStudio/pagespeed-auditor/.next/dev/server/chunks/ssr/[root-of-the-server]__8abb03fc._.js:405:169

  402 };
  403 async function listGroupsWithAggregates(siteId, opts) {
  404     const [groups, pages] = await Promise.all([
→ 405         __TURBOPACK__imported__module__$5b$project$5d2f$ShipStudio$2f$pagespeed$2d$auditor$2f$lib$2f$db$2e$ts__$5b$app$2d$rsc$5d$__$28$ecmascript$29$__["prisma"].group.findMany({
                where: {
                  siteId: "cmt02hw8h00004tw6jcr08tuh"
                },
                select: {
                  id: true,
                  slug: true,
                  name: true,
                  isManual: true,
                  priority: true,
                  ~~~~~~~~
              ?   siteId?: true,
              ?   site?: true,
              ?   pages?: true,
              ?   aliases?: true,
              ?   _count?: true
                }
              })

Unknown field `priority` for select statement on model `Group`. Available options are marked with ?. @ http://localhost:3000/_next/static/chunks/883b8_next_dist_9ee7ee9b._.js:2297
[   63911ms] [LOG] %c%s%c prisma:error background: #e6e6e6;background: light-dark(rgba(0,0,0,0.1), rgba(255,255,255,0.25));color: #000000;color: light-dark(#000000, #ffffff);border-radius: 2px  Server   
Invalid `__TURBOPACK__imported__module__$5b$project$5d2f$ShipStudio$2f$pagespeed$2d$auditor$2f$lib$2f$db$2e$ts__$5b$app$2d$rsc$5d$__$28$ecmascript$29$__["prisma"].group.findMany()` invocation in
/Users/prashantdasari/ShipStudio/pagespeed-auditor/.next/dev/server/chunks/ssr/[root-of-the-server]__8abb03fc._.js:405:169

  402 };
  403 async function listGroupsWithAggregates(siteId, opts) {
  404     const [groups, pages] = await Promise.all([
→ 405         __TURBOPACK__imported__module__$5b$project$5d2f$ShipStudio$2f$pagespeed$2d$auditor$2f$lib$2f$db$2e$ts__$5b$app$2d$rsc$5d$__$28$ecmascript$29$__["prisma"].group.findMany({
                where: {
                  siteId: "cmt02hw8h00004tw6jcr08tuh"
                },
                select: {
                  id: true,
                  slug: true,
                  name: true,
                  isManual: true,
                  priority: true,
                  ~~~~~~~~
              ?   siteId?: true,
              ?   site?: true,
              ?   pages?: true,
              ?   aliases?: true,
              ?   _count?: true
                }
              })

Unknown field `priority` for select statement on model `Group`. Available options are marked with ?. @ http://localhost:3000/_next/static/chunks/883b8_next_dist_9ee7ee9b._.js:2297
[   63950ms] PrismaClientValidationError: 
Invalid `__TURBOPACK__imported__module__$5b$project$5d2f$ShipStudio$2f$pagespeed$2d$auditor$2f$lib$2f$db$2e$ts__$5b$app$2d$rsc$5d$__$28$ecmascript$29$__["prisma"].group.findMany()` invocation in
/Users/prashantdasari/ShipStudio/pagespeed-auditor/.next/dev/server/chunks/ssr/[root-of-the-server]__8abb03fc._.js:405:169

  402 };
  403 async function listGroupsWithAggregates(siteId, opts) {
  404     const [groups, pages] = await Promise.all([
→ 405         __TURBOPACK__imported__module__$5b$project$5d2f$ShipStudio$2f$pagespeed$2d$auditor$2f$lib$2f$db$2e$ts__$5b$app$2d$rsc$5d$__$28$ecmascript$29$__["prisma"].group.findMany({
                where: {
                  siteId: "cmt02hw8h00004tw6jcr08tuh"
                },
                select: {
                  id: true,
                  slug: true,
                  name: true,
                  isManual: true,
                  priority: true,
                  ~~~~~~~~
              ?   siteId?: true,
              ?   site?: true,
              ?   pages?: true,
              ?   aliases?: true,
              ?   _count?: true
                }
              })

Unknown field `priority` for select statement on model `Group`. Available options are marked with ?.
    at  listGroupsWithAggregates (about://React/Server/file:///Users/prashantdasari/ShipStudio/pagespeed-auditor/.next/dev/server/chunks/ssr/%5Broot-of-the-server%5D__8abb03fc._.js?219:404:29)
    at  PageReport (about://React/Server/file:///Users/prashantdasari/ShipStudio/pagespeed-auditor/.next/dev/server/chunks/ssr/%5Broot-of-the-server%5D__8abb03fc._.js?220:2812:23)
    at resolveErrorDev (http://localhost:3000/_next/static/chunks/883b8_next_dist_compiled_react-server-dom-turbopack_9ec52093._.js:1881:148)
    at processFullStringRow (http://localhost:3000/_next/static/chunks/883b8_next_dist_compiled_react-server-dom-turbopack_9ec52093._.js:2389:29)
    at processFullBinaryRow (http://localhost:3000/_next/static/chunks/883b8_next_dist_compiled_react-server-dom-turbopack_9ec52093._.js:2348:9)
    at processBinaryChunk (http://localhost:3000/_next/static/chunks/883b8_next_dist_compiled_react-server-dom-turbopack_9ec52093._.js:2457:221)
    at progress (http://localhost:3000/_next/static/chunks/883b8_next_dist_compiled_react-server-dom-turbopack_9ec52093._.js:2625:13)
[  191478ms] [ERROR] Failed to load resource: the server responded with a status of 500 (Internal Server Error) @ http://localhost:3000/p/cmt02unwt003x59w6jj52glrm?strategy=mobile:0
[  191555ms] [INFO] %cDownload the React DevTools for a better development experience: https://react.dev/link/react-devtools font-weight:bold @ http://localhost:3000/_next/static/chunks/883b8_next_dist_9ee7ee9b._.js:2297
[  191564ms] [LOG] %c%s%c prisma:error background: #e6e6e6;background: light-dark(rgba(0,0,0,0.1), rgba(255,255,255,0.25));color: #000000;color: light-dark(#000000, #ffffff);border-radius: 2px  Server   
Invalid `__TURBOPACK__imported__module__$5b$project$5d2f$ShipStudio$2f$pagespeed$2d$auditor$2f$lib$2f$db$2e$ts__$5b$app$2d$rsc$5d$__$28$ecmascript$29$__["prisma"].group.findMany()` invocation in
/Users/prashantdasari/ShipStudio/pagespeed-auditor/.next/dev/server/chunks/ssr/[root-of-the-server]__8abb03fc._.js:405:169

  402 };
  403 async function listGroupsWithAggregates(siteId, opts) {
  404     const [groups, pages] = await Promise.all([
→ 405         __TURBOPACK__imported__module__$5b$project$5d2f$ShipStudio$2f$pagespeed$2d$auditor$2f$lib$2f$db$2e$ts__$5b$app$2d$rsc$5d$__$28$ecmascript$29$__["prisma"].group.findMany({
                where: {
                  siteId: "cmt02hw8h00004tw6jcr08tuh"
                },
                select: {
                  id: true,
                  slug: true,
                  name: true,
                  isManual: true,
                  priority: true,
                  ~~~~~~~~
              ?   siteId?: true,
              ?   site?: true,
              ?   pages?: true,
              ?   aliases?: true,
              ?   _count?: true
                }
              })

Unknown field `priority` for select statement on model `Group`. Available options are marked with ?. @ http://localhost:3000/_next/static/chunks/883b8_next_dist_9ee7ee9b._.js:2297
[  191582ms] PrismaClientValidationError: 
Invalid `__TURBOPACK__imported__module__$5b$project$5d2f$ShipStudio$2f$pagespeed$2d$auditor$2f$lib$2f$db$2e$ts__$5b$app$2d$rsc$5d$__$28$ecmascript$29$__["prisma"].group.findMany()` invocation in
/Users/prashantdasari/ShipStudio/pagespeed-auditor/.next/dev/server/chunks/ssr/[root-of-the-server]__8abb03fc._.js:405:169

  402 };
  403 async function listGroupsWithAggregates(siteId, opts) {
  404     const [groups, pages] = await Promise.all([
→ 405         __TURBOPACK__imported__module__$5b$project$5d2f$ShipStudio$2f$pagespeed$2d$auditor$2f$lib$2f$db$2e$ts__$5b$app$2d$rsc$5d$__$28$ecmascript$29$__["prisma"].group.findMany({
                where: {
                  siteId: "cmt02hw8h00004tw6jcr08tuh"
                },
                select: {
                  id: true,
                  slug: true,
                  name: true,
                  isManual: true,
                  priority: true,
                  ~~~~~~~~
              ?   siteId?: true,
              ?   site?: true,
              ?   pages?: true,
              ?   aliases?: true,
              ?   _count?: true
                }
              })

Unknown field `priority` for select statement on model `Group`. Available options are marked with ?.
    at  listGroupsWithAggregates (about://React/Server/file:///Users/prashantdasari/ShipStudio/pagespeed-auditor/.next/dev/server/chunks/ssr/%5Broot-of-the-server%5D__8abb03fc._.js?35:404:29)
    at  PageReport (about://React/Server/file:///Users/prashantdasari/ShipStudio/pagespeed-auditor/.next/dev/server/chunks/ssr/%5Broot-of-the-server%5D__8abb03fc._.js?36:2812:23)
    at resolveErrorDev (http://localhost:3000/_next/static/chunks/883b8_next_dist_compiled_react-server-dom-turbopack_9ec52093._.js:1881:148)
    at processFullStringRow (http://localhost:3000/_next/static/chunks/883b8_next_dist_compiled_react-server-dom-turbopack_9ec52093._.js:2389:29)
    at processFullBinaryRow (http://localhost:3000/_next/static/chunks/883b8_next_dist_compiled_react-server-dom-turbopack_9ec52093._.js:2348:9)
    at processBinaryChunk (http://localhost:3000/_next/static/chunks/883b8_next_dist_compiled_react-server-dom-turbopack_9ec52093._.js:2457:221)
    at progress (http://localhost:3000/_next/static/chunks/883b8_next_dist_compiled_react-server-dom-turbopack_9ec52093._.js:2625:13)
[  191580ms] [LOG] [HMR] connected @ http://localhost:3000/_next/static/chunks/883b8_next_dist_9ee7ee9b._.js:2297
[  194611ms] [WARNING] The resource http://localhost:3000/_next/static/chunks/%5Broot-of-the-server%5D__b50cb8d0._.css was preloaded using link preload but not used within a few seconds from the window's load event. Please make sure it has an appropriate `as` value and it is preloaded intentionally. @ http://localhost:3000/p/cmt02unwt003x59w6jj52glrm?strategy=mobile:0
[  195011ms] [LOG] [Fast Refresh] rebuilding @ http://localhost:3000/_next/static/chunks/883b8_next_dist_9ee7ee9b._.js:2297
[  195146ms] [LOG] [Fast Refresh] done in 237ms @ http://localhost:3000/_next/static/chunks/883b8_next_dist_9ee7ee9b._.js:2297
[  195235ms] [ERROR] Failed to load resource: the server responded with a status of 500 (Internal Server Error) @ http://localhost:3000/:0
[  195311ms] [INFO] %cDownload the React DevTools for a better development experience: https://react.dev/link/react-devtools font-weight:bold @ http://localhost:3000/_next/static/chunks/883b8_next_dist_9ee7ee9b._.js:2297
[  195319ms] [LOG] %c%s%c prisma:error background: #e6e6e6;background: light-dark(rgba(0,0,0,0.1), rgba(255,255,255,0.25));color: #000000;color: light-dark(#000000, #ffffff);border-radius: 2px  Server   
Invalid `__TURBOPACK__imported__module__$5b$project$5d2f$ShipStudio$2f$pagespeed$2d$auditor$2f$lib$2f$db$2e$ts__$5b$app$2d$rsc$5d$__$28$ecmascript$29$__["prisma"].group.findMany()` invocation in
/Users/prashantdasari/ShipStudio/pagespeed-auditor/.next/dev/server/chunks/ssr/[root-of-the-server]__8abb03fc._.js:405:169

  402 };
  403 async function listGroupsWithAggregates(siteId, opts) {
  404     const [groups, pages] = await Promise.all([
→ 405         __TURBOPACK__imported__module__$5b$project$5d2f$ShipStudio$2f$pagespeed$2d$auditor$2f$lib$2f$db$2e$ts__$5b$app$2d$rsc$5d$__$28$ecmascript$29$__["prisma"].group.findMany({
                where: {
                  siteId: "cmt02hw8h00004tw6jcr08tuh"
                },
                select: {
                  id: true,
                  slug: true,
                  name: true,
                  isManual: true,
                  priority: true,
                  ~~~~~~~~
              ?   siteId?: true,
              ?   site?: true,
              ?   pages?: true,
              ?   aliases?: true,
              ?   _count?: true
                }
              })

Unknown field `priority` for select statement on model `Group`. Available options are marked with ?. @ http://localhost:3000/_next/static/chunks/883b8_next_dist_9ee7ee9b._.js:2297
[  195354ms] PrismaClientValidationError: 
Invalid `__TURBOPACK__imported__module__$5b$project$5d2f$ShipStudio$2f$pagespeed$2d$auditor$2f$lib$2f$db$2e$ts__$5b$app$2d$rsc$5d$__$28$ecmascript$29$__["prisma"].group.findMany()` invocation in
/Users/prashantdasari/ShipStudio/pagespeed-auditor/.next/dev/server/chunks/ssr/[root-of-the-server]__8abb03fc._.js:405:169

  402 };
  403 async function listGroupsWithAggregates(siteId, opts) {
  404     const [groups, pages] = await Promise.all([
→ 405         __TURBOPACK__imported__module__$5b$project$5d2f$ShipStudio$2f$pagespeed$2d$auditor$2f$lib$2f$db$2e$ts__$5b$app$2d$rsc$5d$__$28$ecmascript$29$__["prisma"].group.findMany({
                where: {
                  siteId: "cmt02hw8h00004tw6jcr08tuh"
                },
                select: {
                  id: true,
                  slug: true,
                  name: true,
                  isManual: true,
                  priority: true,
                  ~~~~~~~~
              ?   siteId?: true,
              ?   site?: true,
              ?   pages?: true,
              ?   aliases?: true,
              ?   _count?: true
                }
              })

Unknown field `priority` for select statement on model `Group`. Available options are marked with ?.
    at  listGroupsWithAggregates (about://React/Server/file:///Users/prashantdasari/ShipStudio/pagespeed-auditor/.next/dev/server/chunks/ssr/%5Broot-of-the-server%5D__8abb03fc._.js?23:404:29)
    at  HomePage (about://React/Server/file:///Users/prashantdasari/ShipStudio/pagespeed-auditor/.next/dev/server/chunks/ssr/%5Broot-of-the-server%5D__c5a075d1._.js?24:1734:42)
    at resolveErrorDev (http://localhost:3000/_next/static/chunks/883b8_next_dist_compiled_react-server-dom-turbopack_9ec52093._.js:1881:148)
    at processFullStringRow (http://localhost:3000/_next/static/chunks/883b8_next_dist_compiled_react-server-dom-turbopack_9ec52093._.js:2389:29)
    at processFullBinaryRow (http://localhost:3000/_next/static/chunks/883b8_next_dist_compiled_react-server-dom-turbopack_9ec52093._.js:2348:9)
    at processBinaryChunk (http://localhost:3000/_next/static/chunks/883b8_next_dist_compiled_react-server-dom-turbopack_9ec52093._.js:2457:221)
    at progress (http://localhost:3000/_next/static/chunks/883b8_next_dist_compiled_react-server-dom-turbopack_9ec52093._.js:2625:13)
[  195332ms] [LOG] [HMR] connected @ http://localhost:3000/_next/static/chunks/883b8_next_dist_9ee7ee9b._.js:2297
[  198371ms] [WARNING] The resource http://localhost:3000/_next/static/chunks/%5Broot-of-the-server%5D__b50cb8d0._.css was preloaded using link preload but not used within a few seconds from the window's load event. Please make sure it has an appropriate `as` value and it is preloaded intentionally. @ http://localhost:3000/:0
[  241317ms] [LOG] [Fast Refresh] rebuilding @ http://localhost:3000/_next/static/chunks/883b8_next_dist_9ee7ee9b._.js:2297
[  242236ms] [ERROR] WebSocket connection to 'ws://localhost:3000/_next/webpack-hmr?id=XYeagzUfNMtkhDl6YXJ85' failed: Error in connection establishment: net::ERR_CONNECTION_REFUSED @ http://localhost:3000/_next/static/chunks/883b8_next_dist_client_93c1f073._.js:10876
[  243240ms] [ERROR] WebSocket connection to 'ws://localhost:3000/_next/webpack-hmr?id=XYeagzUfNMtkhDl6YXJ85' failed: Error in connection establishment: net::ERR_CONNECTION_REFUSED @ http://localhost:3000/_next/static/chunks/883b8_next_dist_client_93c1f073._.js:10876
[  244242ms] [ERROR] WebSocket connection to 'ws://localhost:3000/_next/webpack-hmr?id=XYeagzUfNMtkhDl6YXJ85' failed: Error in connection establishment: net::ERR_CONNECTION_REFUSED @ http://localhost:3000/_next/static/chunks/883b8_next_dist_client_93c1f073._.js:10876
[  245482ms] [LOG] [HMR] connected @ http://localhost:3000/_next/static/chunks/883b8_next_dist_9ee7ee9b._.js:2297
[  248484ms] [WARNING] The resource http://localhost:3000/_next/static/chunks/%5Broot-of-the-server%5D__b50cb8d0._.css was preloaded using link preload but not used within a few seconds from the window's load event. Please make sure it has an appropriate `as` value and it is preloaded intentionally. @ http://localhost:3000/:0
[  250629ms] [INFO] %cDownload the React DevTools for a better development experience: https://react.dev/link/react-devtools font-weight:bold @ http://localhost:3000/_next/static/chunks/883b8_next_dist_9ee7ee9b._.js:2297
[  250651ms] [LOG] [HMR] connected @ http://localhost:3000/_next/static/chunks/883b8_next_dist_9ee7ee9b._.js:2297
[  250902ms] [LOG] [Fast Refresh] rebuilding @ http://localhost:3000/_next/static/chunks/883b8_next_dist_9ee7ee9b._.js:2297
[  251125ms] [LOG] [Fast Refresh] done in 323ms @ http://localhost:3000/_next/static/chunks/883b8_next_dist_9ee7ee9b._.js:2297
