[    6453ms] [INFO] %cDownload the React DevTools for a better development experience: https://react.dev/link/react-devtools font-weight:bold @ http://localhost:3000/_next/static/chunks/883b8_next_dist_9ee7ee9b._.js:2297
[    6522ms] [LOG] [HMR] connected @ http://localhost:3000/_next/static/chunks/883b8_next_dist_9ee7ee9b._.js:2297
[    6724ms] [LOG] [Fast Refresh] rebuilding @ http://localhost:3000/_next/static/chunks/883b8_next_dist_9ee7ee9b._.js:2297
[    6952ms] [LOG] [Fast Refresh] done in 330ms @ http://localhost:3000/_next/static/chunks/883b8_next_dist_9ee7ee9b._.js:2297
[   20108ms] [ERROR] Failed to load resource: the server responded with a status of 500 (Internal Server Error) @ http://localhost:3000/g/compare:0
[   20120ms] Error: Custom Id cannot contain :
    at Array.map (<anonymous>:1:18)
    at enqueueAuditJobs (about://React/Server/file:///Users/prashantdasari/ShipStudio/pagespeed-auditor/.next/dev/server/chunks/ssr/%5Broot-of-the-server%5D__bb21c069._.js?104:651:21)
    at queueAuditAction (about://React/Server/file:///Users/prashantdasari/ShipStudio/pagespeed-auditor/.next/dev/server/chunks/ssr/%5Broot-of-the-server%5D__bb21c069._.js?105:1173:195)
    at resolveErrorDev (http://localhost:3000/_next/static/chunks/883b8_next_dist_compiled_react-server-dom-turbopack_9ec52093._.js:1881:106)
    at processFullStringRow (http://localhost:3000/_next/static/chunks/883b8_next_dist_compiled_react-server-dom-turbopack_9ec52093._.js:2389:29)
    at processFullBinaryRow (http://localhost:3000/_next/static/chunks/883b8_next_dist_compiled_react-server-dom-turbopack_9ec52093._.js:2348:9)
    at processBinaryChunk (http://localhost:3000/_next/static/chunks/883b8_next_dist_compiled_react-server-dom-turbopack_9ec52093._.js:2457:221)
    at progress (http://localhost:3000/_next/static/chunks/883b8_next_dist_compiled_react-server-dom-turbopack_9ec52093._.js:2625:13)
[   60982ms] [LOG] [Fast Refresh] rebuilding @ http://localhost:3000/_next/static/chunks/883b8_next_dist_9ee7ee9b._.js:2297
[   61102ms] [LOG] [Fast Refresh] done in 24ms @ http://localhost:3000/_next/static/chunks/883b8_next_dist_9ee7ee9b._.js:2297
[   61464ms] [INFO] %cDownload the React DevTools for a better development experience: https://react.dev/link/react-devtools font-weight:bold @ http://localhost:3000/_next/static/chunks/883b8_next_dist_9ee7ee9b._.js:2297
[   61480ms] [LOG] [HMR] connected @ http://localhost:3000/_next/static/chunks/883b8_next_dist_9ee7ee9b._.js:2297
[  154108ms] [LOG] [Fast Refresh] rebuilding @ http://localhost:3000/_next/static/chunks/883b8_next_dist_9ee7ee9b._.js:2297
[  154235ms] [LOG] [Fast Refresh] done in 25ms @ http://localhost:3000/_next/static/chunks/883b8_next_dist_9ee7ee9b._.js:2297
[  177042ms] [LOG] [Fast Refresh] rebuilding @ http://localhost:3000/_next/static/chunks/883b8_next_dist_9ee7ee9b._.js:2297
[  177158ms] [LOG] [Fast Refresh] done in 40ms @ http://localhost:3000/_next/static/chunks/883b8_next_dist_9ee7ee9b._.js:2297
[  261783ms] [LOG] [Fast Refresh] rebuilding @ http://localhost:3000/_next/static/chunks/883b8_next_dist_9ee7ee9b._.js:2297
[  261978ms] [LOG] [Fast Refresh] done in 296ms @ http://localhost:3000/_next/static/chunks/883b8_next_dist_9ee7ee9b._.js:2297
[  267079ms] [LOG] [Fast Refresh] rebuilding @ http://localhost:3000/_next/static/chunks/883b8_next_dist_9ee7ee9b._.js:2297
[  267208ms] [LOG] [Fast Refresh] done in 229ms @ http://localhost:3000/_next/static/chunks/883b8_next_dist_9ee7ee9b._.js:2297
[  286645ms] [LOG] [Fast Refresh] rebuilding @ http://localhost:3000/_next/static/chunks/883b8_next_dist_9ee7ee9b._.js:2297
[  286682ms] [LOG] [Fast Refresh] done in 27ms @ http://localhost:3000/_next/static/chunks/883b8_next_dist_9ee7ee9b._.js:2297
[  286802ms] [LOG] [Fast Refresh] rebuilding @ http://localhost:3000/_next/static/chunks/883b8_next_dist_9ee7ee9b._.js:2297
[  286806ms] [LOG] [Fast Refresh] done in 103ms @ http://localhost:3000/_next/static/chunks/883b8_next_dist_9ee7ee9b._.js:2297
[  298924ms] [LOG] [Fast Refresh] rebuilding @ http://localhost:3000/_next/static/chunks/883b8_next_dist_9ee7ee9b._.js:2297
[  298964ms] [LOG] [Fast Refresh] done in 22ms @ http://localhost:3000/_next/static/chunks/883b8_next_dist_9ee7ee9b._.js:2297
[  327194ms] [LOG] [Fast Refresh] rebuilding @ http://localhost:3000/_next/static/chunks/883b8_next_dist_9ee7ee9b._.js:2297
[  327258ms] [LOG] [Fast Refresh] done in 45ms @ http://localhost:3000/_next/static/chunks/883b8_next_dist_9ee7ee9b._.js:2297
[  347410ms] [LOG] [Fast Refresh] rebuilding @ http://localhost:3000/_next/static/chunks/883b8_next_dist_9ee7ee9b._.js:2297
[  347454ms] [LOG] [Fast Refresh] done in 47ms @ http://localhost:3000/_next/static/chunks/883b8_next_dist_9ee7ee9b._.js:2297
[  417728ms] [LOG] [Fast Refresh] rebuilding @ http://localhost:3000/_next/static/chunks/883b8_next_dist_9ee7ee9b._.js:2297
[  417869ms] [LOG] [Fast Refresh] done in 242ms @ http://localhost:3000/_next/static/chunks/883b8_next_dist_9ee7ee9b._.js:2297
[  446911ms] [LOG] [Fast Refresh] rebuilding @ http://localhost:3000/_next/static/chunks/883b8_next_dist_9ee7ee9b._.js:2297
[  446929ms] [LOG] [Fast Refresh] done in 119ms @ http://localhost:3000/_next/static/chunks/883b8_next_dist_9ee7ee9b._.js:2297
[  453652ms] [INFO] %cDownload the React DevTools for a better development experience: https://react.dev/link/react-devtools font-weight:bold @ http://localhost:3000/_next/static/chunks/883b8_next_dist_9ee7ee9b._.js:2297
[  453688ms] [LOG] [HMR] connected @ http://localhost:3000/_next/static/chunks/883b8_next_dist_9ee7ee9b._.js:2297
[  542618ms] [LOG] [Fast Refresh] rebuilding @ http://localhost:3000/_next/static/chunks/883b8_next_dist_9ee7ee9b._.js:2297
[  542813ms] [LOG] [Fast Refresh] done in 251ms @ http://localhost:3000/_next/static/chunks/883b8_next_dist_9ee7ee9b._.js:2297
[  543019ms] [LOG] [Fast Refresh] rebuilding @ http://localhost:3000/_next/static/chunks/883b8_next_dist_9ee7ee9b._.js:2297
[  543022ms] [LOG] [Fast Refresh] done in 103ms @ http://localhost:3000/_next/static/chunks/883b8_next_dist_9ee7ee9b._.js:2297
[  544925ms] [LOG] [Fast Refresh] rebuilding @ http://localhost:3000/_next/static/chunks/883b8_next_dist_9ee7ee9b._.js:2297
[  545064ms] [ERROR] Failed to load resource: the server responded with a status of 500 (Internal Server Error) @ http://localhost:3000/g/general:0
[  545065ms] [LOG] [Fast Refresh] done in 242ms @ http://localhost:3000/_next/static/chunks/883b8_next_dist_9ee7ee9b._.js:2297
[  545476ms] [LOG] [Fast Refresh] rebuilding @ http://localhost:3000/_next/static/chunks/883b8_next_dist_9ee7ee9b._.js:2297
[  545579ms] [ERROR] Failed to load resource: the server responded with a status of 500 (Internal Server Error) @ http://localhost:3000/g/general:0
[  545580ms] [LOG] [Fast Refresh] done in 204ms @ http://localhost:3000/_next/static/chunks/883b8_next_dist_9ee7ee9b._.js:2297
[  545840ms] [LOG] [Fast Refresh] rebuilding @ http://localhost:3000/_next/static/chunks/883b8_next_dist_9ee7ee9b._.js:2297
[  545947ms] [ERROR] Failed to load resource: the server responded with a status of 500 (Internal Server Error) @ http://localhost:3000/g/general:0
[  545947ms] [LOG] [Fast Refresh] done in 207ms @ http://localhost:3000/_next/static/chunks/883b8_next_dist_9ee7ee9b._.js:2297
[  546166ms] [ERROR] Failed to load resource: the server responded with a status of 500 (Internal Server Error) @ http://localhost:3000/g/general:0
[  546174ms] PrismaClientValidationError: 
Invalid `__TURBOPACK__imported__module__$5b$project$5d2f$ShipStudio$2f$pagespeed$2d$auditor$2f$lib$2f$db$2e$ts__$5b$app$2d$rsc$5d$__$28$ecmascript$29$__["prisma"].auditResult.findMany()` invocation in
/Users/prashantdasari/ShipStudio/pagespeed-auditor/.next/dev/server/chunks/ssr/[root-of-the-server]__840a5328._.js:1150:192

  1147 async function estimateRun(jobs, siteId) {
  1148     const env = (0, __TURBOPACK__imported__module__$5b$project$5d2f$ShipStudio$2f$pagespeed$2d$auditor$2f$lib$2f$env$2e$ts__$5b$app$2d$rsc$5d$__$28$ecmascript$29$__["getEnv"])();
  1149     // Recent history only: the site changes, and so does its latency.
→ 1150     const recent = await __TURBOPACK__imported__module__$5b$project$5d2f$ShipStudio$2f$pagespeed$2d$auditor$2f$lib$2f$db$2e$ts__$5b$app$2d$rsc$5d$__$28$ecmascript$29$__["prisma"].auditResult.findMany({
             where: {
               durationMs: {
               ~~~~~~~~~~
                 not: null
               },
               page: {
                 siteId: "cmt02hw8h00004tw6jcr08tuh"
               },
           ?   AND?: AuditResultWhereInput | AuditResultWhereInput[],
           ?   OR?: AuditResultWhereInput[],
           ?   NOT?: AuditResultWhereInput | AuditResultWhereInput[],
           ?   id?: StringFilter | String,
           ?   pageId?: StringFilter | String,
           ?   auditRunId?: StringFilter | String,
           ?   strategy?: StringFilter | String,
           ?   status?: StringFilter | String,
           ?   runtimeError?: StringNullableFilter | String | Null,
           ?   performanceScore?: IntNullableFilter | Int | Null,
           ?   accessibilityScore?: IntNullableFilter | Int | Null,
           ?   bestPracticesScore?: IntNullableFilter | Int | Null,
           ?   seoScore?: IntNullableFilter | Int | Null,
           ?   lcp?: FloatNullableFilter | Float | Null,
           ?   cls?: FloatNullableFilter | Float | Null,
           ?   fcp?: FloatNullableFilter | Float | Null,
           ?   ttfb?: FloatNullableFilter | Float | Null,
           ?   inp?: FloatNullableFilter | Float | Null,
           ?   tbt?: FloatNullableFilter | Float | Null,
           ?   speedIndex?: FloatNullableFilter | Float | Null,
           ?   fieldSource?: StringNullableFilter | String | Null,
           ?   fieldOverall?: StringNullableFilter | String | Null,
           ?   fieldLcp?: FloatNullableFilter | Float | Null,
           ?   fieldInp?: FloatNullableFilter | Float | Null,
           ?   fieldCls?: FloatNullableFilter | Float | Null,
           ?   fieldFcp?: FloatNullableFilter | Float | Null,
           ?   fieldTtfb?: FloatNullableFilter | Float | Null,
           ?   fieldJson?: JsonNullableFilter,
           ?   finalUrl?: StringNullableFilter | String | Null,
           ?   lighthouseVersion?: StringNullableFilter | String | Null,
           ?   rawJson?: JsonNullableFilter,
           ?   markdownReport?: StringFilter | String,
           ?   createdAt?: DateTimeFilter | DateTime,
           ?   auditRun?: AuditRunScalarRelationFilter | AuditRunWhereInput,
           ?   recommendation?: RecommendationNullableScalarRelationFilter | RecommendationWhereInput | Null,
           ?   issues?: AuditIssueListRelationFilter
             },
             orderBy: {
               createdAt: "desc"
             },
             take: 50,
             select: {
               durationMs: true
             }
           })

Unknown argument `durationMs`. Available options are marked with ?.
    at  estimateRun (about://React/Server/file:///Users/prashantdasari/ShipStudio/pagespeed-auditor/.next/dev/server/chunks/ssr/%5Broot-of-the-server%5D__840a5328._.js?297:1150:20)
    at  queueAuditAction (about://React/Server/file:///Users/prashantdasari/ShipStudio/pagespeed-auditor/.next/dev/server/chunks/ssr/%5Broot-of-the-server%5D__840a5328._.js?299:1265:22)
    at resolveErrorDev (http://localhost:3000/_next/static/chunks/883b8_next_dist_compiled_react-server-dom-turbopack_9ec52093._.js:1881:106)
    at processFullStringRow (http://localhost:3000/_next/static/chunks/883b8_next_dist_compiled_react-server-dom-turbopack_9ec52093._.js:2389:29)
    at processFullBinaryRow (http://localhost:3000/_next/static/chunks/883b8_next_dist_compiled_react-server-dom-turbopack_9ec52093._.js:2348:9)
    at processBinaryChunk (http://localhost:3000/_next/static/chunks/883b8_next_dist_compiled_react-server-dom-turbopack_9ec52093._.js:2457:221)
    at progress (http://localhost:3000/_next/static/chunks/883b8_next_dist_compiled_react-server-dom-turbopack_9ec52093._.js:2625:13)
[  549643ms] [LOG] [Fast Refresh] rebuilding @ http://localhost:3000/_next/static/chunks/883b8_next_dist_9ee7ee9b._.js:2297
[  549675ms] [LOG] [Fast Refresh] done in 132ms @ http://localhost:3000/_next/static/chunks/883b8_next_dist_9ee7ee9b._.js:2297
[  551682ms] [INFO] %cDownload the React DevTools for a better development experience: https://react.dev/link/react-devtools font-weight:bold @ http://localhost:3000/_next/static/chunks/883b8_next_dist_9ee7ee9b._.js:2297
[  551713ms] [LOG] [HMR] connected @ http://localhost:3000/_next/static/chunks/883b8_next_dist_9ee7ee9b._.js:2297
[  553019ms] [LOG] [Fast Refresh] rebuilding @ http://localhost:3000/_next/static/chunks/883b8_next_dist_9ee7ee9b._.js:2297
[  553143ms] [ERROR] Failed to load resource: the server responded with a status of 500 (Internal Server Error) @ http://localhost:3000/p/cmt02unwt003x59w6jj52glrm?strategy=mobile:0
[  553143ms] [LOG] [Fast Refresh] done in 225ms @ http://localhost:3000/_next/static/chunks/883b8_next_dist_9ee7ee9b._.js:2297
[  553442ms] [LOG] [Fast Refresh] rebuilding @ http://localhost:3000/_next/static/chunks/883b8_next_dist_9ee7ee9b._.js:2297
[  553554ms] [ERROR] Failed to load resource: the server responded with a status of 500 (Internal Server Error) @ http://localhost:3000/p/cmt02unwt003x59w6jj52glrm?strategy=mobile:0
[  553554ms] [LOG] [Fast Refresh] done in 213ms @ http://localhost:3000/_next/static/chunks/883b8_next_dist_9ee7ee9b._.js:2297
[  579680ms] [LOG] [Fast Refresh] rebuilding @ http://localhost:3000/_next/static/chunks/883b8_next_dist_9ee7ee9b._.js:2297
[  579793ms] [LOG] [Fast Refresh] done in 22ms @ http://localhost:3000/_next/static/chunks/883b8_next_dist_9ee7ee9b._.js:2297
[  606366ms] [LOG] [Fast Refresh] rebuilding @ http://localhost:3000/_next/static/chunks/883b8_next_dist_9ee7ee9b._.js:2297
[  606471ms] [LOG] [Fast Refresh] done in 23ms @ http://localhost:3000/_next/static/chunks/883b8_next_dist_9ee7ee9b._.js:2297
[  607925ms] [LOG] [Fast Refresh] rebuilding @ http://localhost:3000/_next/static/chunks/883b8_next_dist_9ee7ee9b._.js:2297
[  607927ms] [LOG] [Fast Refresh] done in 103ms @ http://localhost:3000/_next/static/chunks/883b8_next_dist_9ee7ee9b._.js:2297
[  643034ms] [LOG] [Fast Refresh] rebuilding @ http://localhost:3000/_next/static/chunks/883b8_next_dist_9ee7ee9b._.js:2297
[  643152ms] [LOG] [Fast Refresh] done in 26ms @ http://localhost:3000/_next/static/chunks/883b8_next_dist_9ee7ee9b._.js:2297
[  712004ms] [LOG] [Fast Refresh] rebuilding @ http://localhost:3000/_next/static/chunks/883b8_next_dist_9ee7ee9b._.js:2297
[  712108ms] [LOG] [Fast Refresh] done in 28ms @ http://localhost:3000/_next/static/chunks/883b8_next_dist_9ee7ee9b._.js:2297
[  712281ms] [LOG] %c%s%c prisma:error background: #e6e6e6;background: light-dark(rgba(0,0,0,0.1), rgba(255,255,255,0.25));color: #000000;color: light-dark(#000000, #ffffff);border-radius: 2px  Server   
Invalid `__TURBOPACK__imported__module__$5b$project$5d2f$ShipStudio$2f$pagespeed$2d$auditor$2f$lib$2f$db$2e$ts__$5b$app$2d$rsc$5d$__$28$ecmascript$29$__["prisma"].page.findMany()` invocation in
/Users/prashantdasari/ShipStudio/pagespeed-auditor/.next/dev/server/chunks/ssr/[root-of-the-server]__c5a075d1._.js:353:168

  350 // Inactive pages are excluded everywhere in this file: they have left the
  351 // sitemap, will never be swept again, and counting them would inflate
  352 // `unaudited` permanently. Their history stays reachable by page id.
→ 353 __TURBOPACK__imported__module__$5b$project$5d2f$ShipStudio$2f$pagespeed$2d$auditor$2f$lib$2f$db$2e$ts__$5b$app$2d$rsc$5d$__$28$ecmascript$29$__["prisma"].page.findMany({
        where: {
          siteId: "cmt02hw8h00004tw6jcr08tuh",
          isActive: true,
          groupId: {
            not: null
          }
        },
        select: {
          id: true,
          groupId: true,
          sitemapIndex: true,
          ~~~~~~~~~~~~
          latestResultMobileId: true,
          latestResultDesktopId: true,
      ?   siteId?: true,
      ?   url?: true,
      ?   path?: true,
      ?   title?: true,
      ?   isActive?: true,
      ?   isManuallyGrouped?: true,
      ?   lastmod?: true,
      ?   lastAuditedAt?: true,
      ?   site?: true,
      ?   group?: true,
      ?   results?: true,
      ?   issues?: true,
      ?   _count?: true
        }
      })

Unknown field `sitemapIndex` for select statement on model `Page`. Available options are marked with ?. @ http://localhost:3000/_next/static/chunks/883b8_next_dist_9ee7ee9b._.js:2297
[  712380ms] [LOG] %c%s%c prisma:error background: #e6e6e6;background: light-dark(rgba(0,0,0,0.1), rgba(255,255,255,0.25));color: #000000;color: light-dark(#000000, #ffffff);border-radius: 2px  Server   
Invalid `__TURBOPACK__imported__module__$5b$project$5d2f$ShipStudio$2f$pagespeed$2d$auditor$2f$lib$2f$db$2e$ts__$5b$app$2d$rsc$5d$__$28$ecmascript$29$__["prisma"].page.findMany()` invocation in
/Users/prashantdasari/ShipStudio/pagespeed-auditor/.next/dev/server/chunks/ssr/[root-of-the-server]__c5a075d1._.js:353:168

  350 // Inactive pages are excluded everywhere in this file: they have left the
  351 // sitemap, will never be swept again, and counting them would inflate
  352 // `unaudited` permanently. Their history stays reachable by page id.
→ 353 __TURBOPACK__imported__module__$5b$project$5d2f$ShipStudio$2f$pagespeed$2d$auditor$2f$lib$2f$db$2e$ts__$5b$app$2d$rsc$5d$__$28$ecmascript$29$__["prisma"].page.findMany({
        where: {
          siteId: "cmt02hw8h00004tw6jcr08tuh",
          isActive: true,
          groupId: {
            not: null
          }
        },
        select: {
          id: true,
          groupId: true,
          sitemapIndex: true,
          ~~~~~~~~~~~~
          latestResultMobileId: true,
          latestResultDesktopId: true,
      ?   siteId?: true,
      ?   url?: true,
      ?   path?: true,
      ?   title?: true,
      ?   isActive?: true,
      ?   isManuallyGrouped?: true,
      ?   lastmod?: true,
      ?   lastAuditedAt?: true,
      ?   site?: true,
      ?   group?: true,
      ?   results?: true,
      ?   issues?: true,
      ?   _count?: true
        }
      })

Unknown field `sitemapIndex` for select statement on model `Page`. Available options are marked with ?. @ http://localhost:3000/_next/static/chunks/883b8_next_dist_9ee7ee9b._.js:2297
[  712448ms] [LOG] %c%s%c prisma:error background: #e6e6e6;background: light-dark(rgba(0,0,0,0.1), rgba(255,255,255,0.25));color: #000000;color: light-dark(#000000, #ffffff);border-radius: 2px  Server   
Invalid `__TURBOPACK__imported__module__$5b$project$5d2f$ShipStudio$2f$pagespeed$2d$auditor$2f$lib$2f$db$2e$ts__$5b$app$2d$rsc$5d$__$28$ecmascript$29$__["prisma"].page.findMany()` invocation in
/Users/prashantdasari/ShipStudio/pagespeed-auditor/.next/dev/server/chunks/ssr/[root-of-the-server]__c5a075d1._.js:353:168

  350 // Inactive pages are excluded everywhere in this file: they have left the
  351 // sitemap, will never be swept again, and counting them would inflate
  352 // `unaudited` permanently. Their history stays reachable by page id.
→ 353 __TURBOPACK__imported__module__$5b$project$5d2f$ShipStudio$2f$pagespeed$2d$auditor$2f$lib$2f$db$2e$ts__$5b$app$2d$rsc$5d$__$28$ecmascript$29$__["prisma"].page.findMany({
        where: {
          siteId: "cmt02hw8h00004tw6jcr08tuh",
          isActive: true,
          groupId: {
            not: null
          }
        },
        select: {
          id: true,
          groupId: true,
          sitemapIndex: true,
          ~~~~~~~~~~~~
          latestResultMobileId: true,
          latestResultDesktopId: true,
      ?   siteId?: true,
      ?   url?: true,
      ?   path?: true,
      ?   title?: true,
      ?   isActive?: true,
      ?   isManuallyGrouped?: true,
      ?   lastmod?: true,
      ?   lastAuditedAt?: true,
      ?   site?: true,
      ?   group?: true,
      ?   results?: true,
      ?   issues?: true,
      ?   _count?: true
        }
      })

Unknown field `sitemapIndex` for select statement on model `Page`. Available options are marked with ?. @ http://localhost:3000/_next/static/chunks/883b8_next_dist_9ee7ee9b._.js:2297
[  712451ms] [LOG] %c%s%c prisma:error background: #e6e6e6;background: light-dark(rgba(0,0,0,0.1), rgba(255,255,255,0.25));color: #000000;color: light-dark(#000000, #ffffff);border-radius: 2px  Server   
Invalid `__TURBOPACK__imported__module__$5b$project$5d2f$ShipStudio$2f$pagespeed$2d$auditor$2f$lib$2f$db$2e$ts__$5b$app$2d$rsc$5d$__$28$ecmascript$29$__["prisma"].page.findMany()` invocation in
/Users/prashantdasari/ShipStudio/pagespeed-auditor/.next/dev/server/chunks/ssr/[root-of-the-server]__c5a075d1._.js:353:168

  350 // Inactive pages are excluded everywhere in this file: they have left the
  351 // sitemap, will never be swept again, and counting them would inflate
  352 // `unaudited` permanently. Their history stays reachable by page id.
→ 353 __TURBOPACK__imported__module__$5b$project$5d2f$ShipStudio$2f$pagespeed$2d$auditor$2f$lib$2f$db$2e$ts__$5b$app$2d$rsc$5d$__$28$ecmascript$29$__["prisma"].page.findMany({
        where: {
          siteId: "cmt02hw8h00004tw6jcr08tuh",
          isActive: true,
          groupId: {
            not: null
          }
        },
        select: {
          id: true,
          groupId: true,
          sitemapIndex: true,
          ~~~~~~~~~~~~
          latestResultMobileId: true,
          latestResultDesktopId: true,
      ?   siteId?: true,
      ?   url?: true,
      ?   path?: true,
      ?   title?: true,
      ?   isActive?: true,
      ?   isManuallyGrouped?: true,
      ?   lastmod?: true,
      ?   lastAuditedAt?: true,
      ?   site?: true,
      ?   group?: true,
      ?   results?: true,
      ?   issues?: true,
      ?   _count?: true
        }
      })

Unknown field `sitemapIndex` for select statement on model `Page`. Available options are marked with ?. @ http://localhost:3000/_next/static/chunks/883b8_next_dist_9ee7ee9b._.js:2297
[  712481ms] PrismaClientValidationError: 
Invalid `__TURBOPACK__imported__module__$5b$project$5d2f$ShipStudio$2f$pagespeed$2d$auditor$2f$lib$2f$db$2e$ts__$5b$app$2d$rsc$5d$__$28$ecmascript$29$__["prisma"].page.findMany()` invocation in
/Users/prashantdasari/ShipStudio/pagespeed-auditor/.next/dev/server/chunks/ssr/[root-of-the-server]__c5a075d1._.js:353:168

  350 // Inactive pages are excluded everywhere in this file: they have left the
  351 // sitemap, will never be swept again, and counting them would inflate
  352 // `unaudited` permanently. Their history stays reachable by page id.
→ 353 __TURBOPACK__imported__module__$5b$project$5d2f$ShipStudio$2f$pagespeed$2d$auditor$2f$lib$2f$db$2e$ts__$5b$app$2d$rsc$5d$__$28$ecmascript$29$__["prisma"].page.findMany({
        where: {
          siteId: "cmt02hw8h00004tw6jcr08tuh",
          isActive: true,
          groupId: {
            not: null
          }
        },
        select: {
          id: true,
          groupId: true,
          sitemapIndex: true,
          ~~~~~~~~~~~~
          latestResultMobileId: true,
          latestResultDesktopId: true,
      ?   siteId?: true,
      ?   url?: true,
      ?   path?: true,
      ?   title?: true,
      ?   isActive?: true,
      ?   isManuallyGrouped?: true,
      ?   lastmod?: true,
      ?   lastAuditedAt?: true,
      ?   site?: true,
      ?   group?: true,
      ?   results?: true,
      ?   issues?: true,
      ?   _count?: true
        }
      })

Unknown field `sitemapIndex` for select statement on model `Page`. Available options are marked with ?.
    at  listGroupsWithAggregates (about://React/Server/file:///Users/prashantdasari/ShipStudio/pagespeed-auditor/.next/dev/server/chunks/ssr/%5Broot-of-the-server%5D__c5a075d1._.js?686:338:29)
    at  HomePage (about://React/Server/file:///Users/prashantdasari/ShipStudio/pagespeed-auditor/.next/dev/server/chunks/ssr/%5Broot-of-the-server%5D__c5a075d1._.js?687:1714:42)
    at resolveErrorDev (http://localhost:3000/_next/static/chunks/883b8_next_dist_compiled_react-server-dom-turbopack_9ec52093._.js:1881:148)
    at processFullStringRow (http://localhost:3000/_next/static/chunks/883b8_next_dist_compiled_react-server-dom-turbopack_9ec52093._.js:2389:29)
    at processFullBinaryRow (http://localhost:3000/_next/static/chunks/883b8_next_dist_compiled_react-server-dom-turbopack_9ec52093._.js:2348:9)
    at processBinaryChunk (http://localhost:3000/_next/static/chunks/883b8_next_dist_compiled_react-server-dom-turbopack_9ec52093._.js:2457:221)
    at progress (http://localhost:3000/_next/static/chunks/883b8_next_dist_compiled_react-server-dom-turbopack_9ec52093._.js:2625:13)
[  725451ms] [ERROR] Failed to load resource: the server responded with a status of 500 (Internal Server Error) @ http://localhost:3000/?strategy=desktop:0
[  725533ms] [INFO] %cDownload the React DevTools for a better development experience: https://react.dev/link/react-devtools font-weight:bold @ http://localhost:3000/_next/static/chunks/883b8_next_dist_9ee7ee9b._.js:2297
[  725542ms] [LOG] %c%s%c prisma:error background: #e6e6e6;background: light-dark(rgba(0,0,0,0.1), rgba(255,255,255,0.25));color: #000000;color: light-dark(#000000, #ffffff);border-radius: 2px  Server   
Invalid `__TURBOPACK__imported__module__$5b$project$5d2f$ShipStudio$2f$pagespeed$2d$auditor$2f$lib$2f$db$2e$ts__$5b$app$2d$rsc$5d$__$28$ecmascript$29$__["prisma"].page.findMany()` invocation in
/Users/prashantdasari/ShipStudio/pagespeed-auditor/.next/dev/server/chunks/ssr/[root-of-the-server]__c5a075d1._.js:353:168

  350 // Inactive pages are excluded everywhere in this file: they have left the
  351 // sitemap, will never be swept again, and counting them would inflate
  352 // `unaudited` permanently. Their history stays reachable by page id.
→ 353 __TURBOPACK__imported__module__$5b$project$5d2f$ShipStudio$2f$pagespeed$2d$auditor$2f$lib$2f$db$2e$ts__$5b$app$2d$rsc$5d$__$28$ecmascript$29$__["prisma"].page.findMany({
        where: {
          siteId: "cmt02hw8h00004tw6jcr08tuh",
          isActive: true,
          groupId: {
            not: null
          }
        },
        select: {
          id: true,
          groupId: true,
          sitemapIndex: true,
          ~~~~~~~~~~~~
          latestResultMobileId: true,
          latestResultDesktopId: true,
      ?   siteId?: true,
      ?   url?: true,
      ?   path?: true,
      ?   title?: true,
      ?   isActive?: true,
      ?   isManuallyGrouped?: true,
      ?   lastmod?: true,
      ?   lastAuditedAt?: true,
      ?   site?: true,
      ?   group?: true,
      ?   results?: true,
      ?   issues?: true,
      ?   _count?: true
        }
      })

Unknown field `sitemapIndex` for select statement on model `Page`. Available options are marked with ?. @ http://localhost:3000/_next/static/chunks/883b8_next_dist_9ee7ee9b._.js:2297
[  725578ms] PrismaClientValidationError: 
Invalid `__TURBOPACK__imported__module__$5b$project$5d2f$ShipStudio$2f$pagespeed$2d$auditor$2f$lib$2f$db$2e$ts__$5b$app$2d$rsc$5d$__$28$ecmascript$29$__["prisma"].page.findMany()` invocation in
/Users/prashantdasari/ShipStudio/pagespeed-auditor/.next/dev/server/chunks/ssr/[root-of-the-server]__c5a075d1._.js:353:168

  350 // Inactive pages are excluded everywhere in this file: they have left the
  351 // sitemap, will never be swept again, and counting them would inflate
  352 // `unaudited` permanently. Their history stays reachable by page id.
→ 353 __TURBOPACK__imported__module__$5b$project$5d2f$ShipStudio$2f$pagespeed$2d$auditor$2f$lib$2f$db$2e$ts__$5b$app$2d$rsc$5d$__$28$ecmascript$29$__["prisma"].page.findMany({
        where: {
          siteId: "cmt02hw8h00004tw6jcr08tuh",
          isActive: true,
          groupId: {
            not: null
          }
        },
        select: {
          id: true,
          groupId: true,
          sitemapIndex: true,
          ~~~~~~~~~~~~
          latestResultMobileId: true,
          latestResultDesktopId: true,
      ?   siteId?: true,
      ?   url?: true,
      ?   path?: true,
      ?   title?: true,
      ?   isActive?: true,
      ?   isManuallyGrouped?: true,
      ?   lastmod?: true,
      ?   lastAuditedAt?: true,
      ?   site?: true,
      ?   group?: true,
      ?   results?: true,
      ?   issues?: true,
      ?   _count?: true
        }
      })

Unknown field `sitemapIndex` for select statement on model `Page`. Available options are marked with ?.
    at  listGroupsWithAggregates (about://React/Server/file:///Users/prashantdasari/ShipStudio/pagespeed-auditor/.next/dev/server/chunks/ssr/%5Broot-of-the-server%5D__c5a075d1._.js?23:338:29)
    at  HomePage (about://React/Server/file:///Users/prashantdasari/ShipStudio/pagespeed-auditor/.next/dev/server/chunks/ssr/%5Broot-of-the-server%5D__c5a075d1._.js?24:1714:42)
    at resolveErrorDev (http://localhost:3000/_next/static/chunks/883b8_next_dist_compiled_react-server-dom-turbopack_9ec52093._.js:1881:148)
    at processFullStringRow (http://localhost:3000/_next/static/chunks/883b8_next_dist_compiled_react-server-dom-turbopack_9ec52093._.js:2389:29)
    at processFullBinaryRow (http://localhost:3000/_next/static/chunks/883b8_next_dist_compiled_react-server-dom-turbopack_9ec52093._.js:2348:9)
    at processBinaryChunk (http://localhost:3000/_next/static/chunks/883b8_next_dist_compiled_react-server-dom-turbopack_9ec52093._.js:2457:221)
    at progress (http://localhost:3000/_next/static/chunks/883b8_next_dist_compiled_react-server-dom-turbopack_9ec52093._.js:2625:13)
[  725555ms] [LOG] [HMR] connected @ http://localhost:3000/_next/static/chunks/883b8_next_dist_9ee7ee9b._.js:2297
[  726660ms] [ERROR] Failed to load resource: the server responded with a status of 500 (Internal Server Error) @ http://localhost:3000/?strategy=desktop:0
[  726713ms] [INFO] %cDownload the React DevTools for a better development experience: https://react.dev/link/react-devtools font-weight:bold @ http://localhost:3000/_next/static/chunks/883b8_next_dist_9ee7ee9b._.js:2297
[  726719ms] [LOG] %c%s%c prisma:error background: #e6e6e6;background: light-dark(rgba(0,0,0,0.1), rgba(255,255,255,0.25));color: #000000;color: light-dark(#000000, #ffffff);border-radius: 2px  Server   
Invalid `__TURBOPACK__imported__module__$5b$project$5d2f$ShipStudio$2f$pagespeed$2d$auditor$2f$lib$2f$db$2e$ts__$5b$app$2d$rsc$5d$__$28$ecmascript$29$__["prisma"].page.findMany()` invocation in
/Users/prashantdasari/ShipStudio/pagespeed-auditor/.next/dev/server/chunks/ssr/[root-of-the-server]__c5a075d1._.js:353:168

  350 // Inactive pages are excluded everywhere in this file: they have left the
  351 // sitemap, will never be swept again, and counting them would inflate
  352 // `unaudited` permanently. Their history stays reachable by page id.
→ 353 __TURBOPACK__imported__module__$5b$project$5d2f$ShipStudio$2f$pagespeed$2d$auditor$2f$lib$2f$db$2e$ts__$5b$app$2d$rsc$5d$__$28$ecmascript$29$__["prisma"].page.findMany({
        where: {
          siteId: "cmt02hw8h00004tw6jcr08tuh",
          isActive: true,
          groupId: {
            not: null
          }
        },
        select: {
          id: true,
          groupId: true,
          sitemapIndex: true,
          ~~~~~~~~~~~~
          latestResultMobileId: true,
          latestResultDesktopId: true,
      ?   siteId?: true,
      ?   url?: true,
      ?   path?: true,
      ?   title?: true,
      ?   isActive?: true,
      ?   isManuallyGrouped?: true,
      ?   lastmod?: true,
      ?   lastAuditedAt?: true,
      ?   site?: true,
      ?   group?: true,
      ?   results?: true,
      ?   issues?: true,
      ?   _count?: true
        }
      })

Unknown field `sitemapIndex` for select statement on model `Page`. Available options are marked with ?. @ http://localhost:3000/_next/static/chunks/883b8_next_dist_9ee7ee9b._.js:2297
[  726754ms] PrismaClientValidationError: 
Invalid `__TURBOPACK__imported__module__$5b$project$5d2f$ShipStudio$2f$pagespeed$2d$auditor$2f$lib$2f$db$2e$ts__$5b$app$2d$rsc$5d$__$28$ecmascript$29$__["prisma"].page.findMany()` invocation in
/Users/prashantdasari/ShipStudio/pagespeed-auditor/.next/dev/server/chunks/ssr/[root-of-the-server]__c5a075d1._.js:353:168

  350 // Inactive pages are excluded everywhere in this file: they have left the
  351 // sitemap, will never be swept again, and counting them would inflate
  352 // `unaudited` permanently. Their history stays reachable by page id.
→ 353 __TURBOPACK__imported__module__$5b$project$5d2f$ShipStudio$2f$pagespeed$2d$auditor$2f$lib$2f$db$2e$ts__$5b$app$2d$rsc$5d$__$28$ecmascript$29$__["prisma"].page.findMany({
        where: {
          siteId: "cmt02hw8h00004tw6jcr08tuh",
          isActive: true,
          groupId: {
            not: null
          }
        },
        select: {
          id: true,
          groupId: true,
          sitemapIndex: true,
          ~~~~~~~~~~~~
          latestResultMobileId: true,
          latestResultDesktopId: true,
      ?   siteId?: true,
      ?   url?: true,
      ?   path?: true,
      ?   title?: true,
      ?   isActive?: true,
      ?   isManuallyGrouped?: true,
      ?   lastmod?: true,
      ?   lastAuditedAt?: true,
      ?   site?: true,
      ?   group?: true,
      ?   results?: true,
      ?   issues?: true,
      ?   _count?: true
        }
      })

Unknown field `sitemapIndex` for select statement on model `Page`. Available options are marked with ?.
    at  listGroupsWithAggregates (about://React/Server/file:///Users/prashantdasari/ShipStudio/pagespeed-auditor/.next/dev/server/chunks/ssr/%5Broot-of-the-server%5D__c5a075d1._.js?23:338:29)
    at  HomePage (about://React/Server/file:///Users/prashantdasari/ShipStudio/pagespeed-auditor/.next/dev/server/chunks/ssr/%5Broot-of-the-server%5D__c5a075d1._.js?24:1714:42)
    at resolveErrorDev (http://localhost:3000/_next/static/chunks/883b8_next_dist_compiled_react-server-dom-turbopack_9ec52093._.js:1881:148)
    at processFullStringRow (http://localhost:3000/_next/static/chunks/883b8_next_dist_compiled_react-server-dom-turbopack_9ec52093._.js:2389:29)
    at processFullBinaryRow (http://localhost:3000/_next/static/chunks/883b8_next_dist_compiled_react-server-dom-turbopack_9ec52093._.js:2348:9)
    at processBinaryChunk (http://localhost:3000/_next/static/chunks/883b8_next_dist_compiled_react-server-dom-turbopack_9ec52093._.js:2457:221)
    at progress (http://localhost:3000/_next/static/chunks/883b8_next_dist_compiled_react-server-dom-turbopack_9ec52093._.js:2625:13)
[  726733ms] [LOG] [HMR] connected @ http://localhost:3000/_next/static/chunks/883b8_next_dist_9ee7ee9b._.js:2297
[  729760ms] [WARNING] The resource http://localhost:3000/_next/static/chunks/%5Broot-of-the-server%5D__b50cb8d0._.css was preloaded using link preload but not used within a few seconds from the window's load event. Please make sure it has an appropriate `as` value and it is preloaded intentionally. @ http://localhost:3000/?strategy=desktop:0
[  736173ms] [LOG] [Fast Refresh] rebuilding @ http://localhost:3000/_next/static/chunks/883b8_next_dist_9ee7ee9b._.js:2297
[  736295ms] [LOG] [Fast Refresh] done in 150ms @ http://localhost:3000/_next/static/chunks/883b8_next_dist_9ee7ee9b._.js:2297
[  736433ms] [LOG] [Fast Refresh] rebuilding @ http://localhost:3000/_next/static/chunks/883b8_next_dist_9ee7ee9b._.js:2297
[  736433ms] [LOG] [Fast Refresh] done in 91ms @ http://localhost:3000/_next/static/chunks/883b8_next_dist_9ee7ee9b._.js:2297
[  736455ms] [LOG] [Fast Refresh] rebuilding @ http://localhost:3000/_next/static/chunks/883b8_next_dist_9ee7ee9b._.js:2297
[  736473ms] [ERROR] Failed to load resource: the server responded with a status of 500 (Internal Server Error) @ http://localhost:3000/?strategy=desktop:0
[  736543ms] [INFO] %cDownload the React DevTools for a better development experience: https://react.dev/link/react-devtools font-weight:bold @ http://localhost:3000/_next/static/chunks/883b8_next_dist_9ee7ee9b._.js:2297
[  736550ms] [LOG] %c%s%c prisma:error background: #e6e6e6;background: light-dark(rgba(0,0,0,0.1), rgba(255,255,255,0.25));color: #000000;color: light-dark(#000000, #ffffff);border-radius: 2px  Server   
Invalid `__TURBOPACK__imported__module__$5b$project$5d2f$ShipStudio$2f$pagespeed$2d$auditor$2f$lib$2f$db$2e$ts__$5b$app$2d$rsc$5d$__$28$ecmascript$29$__["prisma"].page.findMany()` invocation in
/Users/prashantdasari/ShipStudio/pagespeed-auditor/.next/dev/server/chunks/ssr/[root-of-the-server]__c5a075d1._.js:353:168

  350 // Inactive pages are excluded everywhere in this file: they have left the
  351 // sitemap, will never be swept again, and counting them would inflate
  352 // `unaudited` permanently. Their history stays reachable by page id.
→ 353 __TURBOPACK__imported__module__$5b$project$5d2f$ShipStudio$2f$pagespeed$2d$auditor$2f$lib$2f$db$2e$ts__$5b$app$2d$rsc$5d$__$28$ecmascript$29$__["prisma"].page.findMany({
        where: {
          siteId: "cmt02hw8h00004tw6jcr08tuh",
          isActive: true,
          groupId: {
            not: null
          }
        },
        select: {
          id: true,
          groupId: true,
          sitemapIndex: true,
          ~~~~~~~~~~~~
          latestResultMobileId: true,
          latestResultDesktopId: true,
      ?   siteId?: true,
      ?   url?: true,
      ?   path?: true,
      ?   title?: true,
      ?   isActive?: true,
      ?   isManuallyGrouped?: true,
      ?   lastmod?: true,
      ?   lastAuditedAt?: true,
      ?   site?: true,
      ?   group?: true,
      ?   results?: true,
      ?   issues?: true,
      ?   _count?: true
        }
      })

Unknown field `sitemapIndex` for select statement on model `Page`. Available options are marked with ?. @ http://localhost:3000/_next/static/chunks/883b8_next_dist_9ee7ee9b._.js:2297
[  736587ms] PrismaClientValidationError: 
Invalid `__TURBOPACK__imported__module__$5b$project$5d2f$ShipStudio$2f$pagespeed$2d$auditor$2f$lib$2f$db$2e$ts__$5b$app$2d$rsc$5d$__$28$ecmascript$29$__["prisma"].page.findMany()` invocation in
/Users/prashantdasari/ShipStudio/pagespeed-auditor/.next/dev/server/chunks/ssr/[root-of-the-server]__c5a075d1._.js:353:168

  350 // Inactive pages are excluded everywhere in this file: they have left the
  351 // sitemap, will never be swept again, and counting them would inflate
  352 // `unaudited` permanently. Their history stays reachable by page id.
→ 353 __TURBOPACK__imported__module__$5b$project$5d2f$ShipStudio$2f$pagespeed$2d$auditor$2f$lib$2f$db$2e$ts__$5b$app$2d$rsc$5d$__$28$ecmascript$29$__["prisma"].page.findMany({
        where: {
          siteId: "cmt02hw8h00004tw6jcr08tuh",
          isActive: true,
          groupId: {
            not: null
          }
        },
        select: {
          id: true,
          groupId: true,
          sitemapIndex: true,
          ~~~~~~~~~~~~
          latestResultMobileId: true,
          latestResultDesktopId: true,
      ?   siteId?: true,
      ?   url?: true,
      ?   path?: true,
      ?   title?: true,
      ?   isActive?: true,
      ?   isManuallyGrouped?: true,
      ?   lastmod?: true,
      ?   lastAuditedAt?: true,
      ?   site?: true,
      ?   group?: true,
      ?   results?: true,
      ?   issues?: true,
      ?   _count?: true
        }
      })

Unknown field `sitemapIndex` for select statement on model `Page`. Available options are marked with ?.
    at  listGroupsWithAggregates (about://React/Server/file:///Users/prashantdasari/ShipStudio/pagespeed-auditor/.next/dev/server/chunks/ssr/%5Broot-of-the-server%5D__c5a075d1._.js?9:338:29)
    at  HomePage (about://React/Server/file:///Users/prashantdasari/ShipStudio/pagespeed-auditor/.next/dev/server/chunks/ssr/%5Broot-of-the-server%5D__c5a075d1._.js?10:1726:42)
    at resolveErrorDev (http://localhost:3000/_next/static/chunks/883b8_next_dist_compiled_react-server-dom-turbopack_9ec52093._.js:1881:148)
    at processFullStringRow (http://localhost:3000/_next/static/chunks/883b8_next_dist_compiled_react-server-dom-turbopack_9ec52093._.js:2389:29)
    at processFullBinaryRow (http://localhost:3000/_next/static/chunks/883b8_next_dist_compiled_react-server-dom-turbopack_9ec52093._.js:2348:9)
    at processBinaryChunk (http://localhost:3000/_next/static/chunks/883b8_next_dist_compiled_react-server-dom-turbopack_9ec52093._.js:2457:221)
    at progress (http://localhost:3000/_next/static/chunks/883b8_next_dist_compiled_react-server-dom-turbopack_9ec52093._.js:2625:13)
[  736564ms] [LOG] [HMR] connected @ http://localhost:3000/_next/static/chunks/883b8_next_dist_9ee7ee9b._.js:2297
[  739604ms] [WARNING] The resource http://localhost:3000/_next/static/chunks/%5Broot-of-the-server%5D__b50cb8d0._.css was preloaded using link preload but not used within a few seconds from the window's load event. Please make sure it has an appropriate `as` value and it is preloaded intentionally. @ http://localhost:3000/?strategy=desktop:0
