[     134ms] [LOG] [Fast Refresh] rebuilding @ http://localhost:3000/_next/static/chunks/883b8_next_dist_9ee7ee9b._.js:2297
[     473ms] [LOG] [Fast Refresh] done in 440ms @ http://localhost:3000/_next/static/chunks/883b8_next_dist_9ee7ee9b._.js:2297
[     733ms] [INFO] %cDownload the React DevTools for a better development experience: https://react.dev/link/react-devtools font-weight:bold @ http://localhost:3000/_next/static/chunks/883b8_next_dist_9ee7ee9b._.js:2297
[     758ms] [LOG] [HMR] connected @ http://localhost:3000/_next/static/chunks/883b8_next_dist_9ee7ee9b._.js:2297
[  215292ms] [LOG] [Fast Refresh] rebuilding @ http://localhost:3000/_next/static/chunks/883b8_next_dist_9ee7ee9b._.js:2297
[  215387ms] [LOG] [Fast Refresh] done in 33ms @ http://localhost:3000/_next/static/chunks/883b8_next_dist_9ee7ee9b._.js:2297
[  215421ms] [LOG] [Fast Refresh] rebuilding @ http://localhost:3000/_next/static/chunks/883b8_next_dist_9ee7ee9b._.js:2297
[  215457ms] [LOG] [Fast Refresh] done in 68ms @ http://localhost:3000/_next/static/chunks/883b8_next_dist_9ee7ee9b._.js:2297
[  217615ms] [ERROR] Failed to load resource: the server responded with a status of 500 (Internal Server Error) @ http://localhost:3000/api/runs/active:0
[  224374ms] [ERROR] Failed to load resource: the server responded with a status of 500 (Internal Server Error) @ http://localhost:3000/api/runs/active:0
[  226188ms] [ERROR] Failed to load resource: the server responded with a status of 500 (Internal Server Error) @ http://localhost:3000/api/runs/active:0
[  228094ms] [ERROR] Failed to load resource: the server responded with a status of 500 (Internal Server Error) @ http://localhost:3000/api/runs/active:0
[  231840ms] [ERROR] Failed to load resource: the server responded with a status of 500 (Internal Server Error) @ http://localhost:3000/api/runs/active:0
[  232467ms] [ERROR] Failed to load resource: the server responded with a status of 500 (Internal Server Error) @ http://localhost:3000/api/runs/active:0
[  233882ms] [ERROR] Failed to load resource: the server responded with a status of 500 (Internal Server Error) @ http://localhost:3000/api/runs/active:0
[  245962ms] [ERROR] Failed to load resource: the server responded with a status of 500 (Internal Server Error) @ http://localhost:3000/api/runs/active:0
[  250376ms] [LOG] [Fast Refresh] rebuilding @ http://localhost:3000/_next/static/chunks/883b8_next_dist_9ee7ee9b._.js:2297
[  250469ms] [LOG] [Fast Refresh] done in 37ms @ http://localhost:3000/_next/static/chunks/883b8_next_dist_9ee7ee9b._.js:2297
[  258078ms] [LOG] [Fast Refresh] rebuilding @ http://localhost:3000/_next/static/chunks/883b8_next_dist_9ee7ee9b._.js:2297
[  258094ms] [LOG] [Fast Refresh] done in 118ms @ http://localhost:3000/_next/static/chunks/883b8_next_dist_9ee7ee9b._.js:2297
[  278123ms] [ERROR] Failed to load resource: net::ERR_CONNECTION_REFUSED @ http://localhost:3000/g/about?_rsc=1n47j:0
[  278124ms] [ERROR] Failed to fetch RSC payload for http://localhost:3000/g/about. Falling back to browser navigation. TypeError: Failed to fetch
    at createFetch (http://localhost:3000/_next/static/chunks/883b8_next_dist_client_93c1f073._.js:2588:24)
    at fetchServerResponse (http://localhost:3000/_next/static/chunks/883b8_next_dist_client_93c1f073._.js:2490:27)
    at navigateDynamicallyWithNoPrefetch (http://localhost:3000/_next/static/chunks/883b8_next_dist_client_93c1f073._.js:7941:90)
    at navigate (http://localhost:3000/_next/static/chunks/883b8_next_dist_client_93c1f073._.js:7726:15)
    at navigateReducer (http://localhost:3000/_next/static/chunks/883b8_next_dist_client_93c1f073._.js:8237:45)
    at clientReducer (http://localhost:3000/_next/static/chunks/883b8_next_dist_client_93c1f073._.js:9063:61)
    at Object.action (http://localhost:3000/_next/static/chunks/883b8_next_dist_client_93c1f073._.js:9308:55)
    at runAction (http://localhost:3000/_next/static/chunks/883b8_next_dist_client_93c1f073._.js:9213:38)
    at dispatchAction (http://localhost:3000/_next/static/chunks/883b8_next_dist_client_93c1f073._.js:9276:9)
    at Object.dispatch (http://localhost:3000/_next/static/chunks/883b8_next_dist_client_93c1f073._.js:9306:40)
    at http://localhost:3000/_next/static/chunks/883b8_next_dist_client_93c1f073._.js:1489:29
    at startTransition (http://localhost:3000/_next/static/chunks/883b8_next_dist_compiled_react-dom_dd85c1dd._.js:5500:31)
    at dispatch (http://localhost:3000/_next/static/chunks/883b8_next_dist_client_93c1f073._.js:1488:13)
    at dispatchAppRouterAction (http://localhost:3000/_next/static/chunks/883b8_next_dist_client_93c1f073._.js:1470:5)
    at dispatchNavigateAction (http://localhost:3000/_next/static/chunks/883b8_next_dist_client_93c1f073._.js:9360:49)
    at http://localhost:3000/_next/static/chunks/ShipStudio_pagespeed-auditor_e70c20a5._.js:1499:13
    at Object.startTransition (http://localhost:3000/_next/static/chunks/883b8_next_dist_compiled_041f5896._.js:1279:31)
    at linkClicked (http://localhost:3000/_next/static/chunks/ShipStudio_pagespeed-auditor_e70c20a5._.js:1498:24)
    at onClick (http://localhost:3000/_next/static/chunks/ShipStudio_pagespeed-auditor_e70c20a5._.js:1739:13)
    at executeDispatch (http://localhost:3000/_next/static/chunks/883b8_next_dist_compiled_react-dom_dd85c1dd._.js:10314:13)
    at runWithFiberInDEV (http://localhost:3000/_next/static/chunks/883b8_next_dist_compiled_react-dom_dd85c1dd._.js:965:74)
    at processDispatchQueue (http://localhost:3000/_next/static/chunks/883b8_next_dist_compiled_react-dom_dd85c1dd._.js:10340:41)
    at http://localhost:3000/_next/static/chunks/883b8_next_dist_compiled_react-dom_dd85c1dd._.js:10615:13
    at batchedUpdates$1 (http://localhost:3000/_next/static/chunks/883b8_next_dist_compiled_react-dom_dd85c1dd._.js:2253:44)
    at dispatchEventForPluginEventSystem (http://localhost:3000/_next/static/chunks/883b8_next_dist_compiled_react-dom_dd85c1dd._.js:10416:9)
    at dispatchEvent (http://localhost:3000/_next/static/chunks/883b8_next_dist_compiled_react-dom_dd85c1dd._.js:12935:37)
    at dispatchDiscreteEvent (http://localhost:3000/_next/static/chunks/883b8_next_dist_compiled_react-dom_dd85c1dd._.js:12917:64) @ http://localhost:3000/_next/static/chunks/883b8_next_dist_9ee7ee9b._.js:3127
[  278133ms] [ERROR] Failed to load resource: net::ERR_CONNECTION_REFUSED @ http://localhost:3000/__nextjs_original-stack-frames:0
[  281237ms] [INFO] %cDownload the React DevTools for a better development experience: https://react.dev/link/react-devtools font-weight:bold @ http://localhost:3000/_next/static/chunks/883b8_next_dist_9ee7ee9b._.js:2297
[  281306ms] [LOG] [HMR] connected @ http://localhost:3000/_next/static/chunks/883b8_next_dist_9ee7ee9b._.js:2297
[  281440ms] [LOG] [Fast Refresh] rebuilding @ http://localhost:3000/_next/static/chunks/883b8_next_dist_9ee7ee9b._.js:2297
[  281495ms] [LOG] [Fast Refresh] done in 156ms @ http://localhost:3000/_next/static/chunks/883b8_next_dist_9ee7ee9b._.js:2297
