[     363ms] [INFO] %cDownload the React DevTools for a better development experience: https://react.dev/link/react-devtools font-weight:bold @ http://localhost:3000/_next/static/chunks/883b8_next_dist_9ee7ee9b._.js:2297
[     385ms] [LOG] [HMR] connected @ http://localhost:3000/_next/static/chunks/883b8_next_dist_9ee7ee9b._.js:2297
[     502ms] [VERBOSE] [DOM] Input elements should have autocomplete attributes (suggested: "new-password"): (More info: https://goo.gl/9p2vKq) @ http://localhost:3000/settings/site:0
[  160452ms] [LOG] [Fast Refresh] rebuilding @ http://localhost:3000/_next/static/chunks/883b8_next_dist_9ee7ee9b._.js:2297
[  160967ms] [LOG] [Fast Refresh] done in 617ms @ http://localhost:3000/_next/static/chunks/883b8_next_dist_9ee7ee9b._.js:2297
[  168133ms] [LOG] [Fast Refresh] rebuilding @ http://localhost:3000/_next/static/chunks/883b8_next_dist_9ee7ee9b._.js:2297
[  168302ms] [LOG] [Fast Refresh] done in 270ms @ http://localhost:3000/_next/static/chunks/883b8_next_dist_9ee7ee9b._.js:2297
[  168538ms] [VERBOSE] [DOM] Password forms should have (optionally hidden) username fields for accessibility: (More info: https://goo.gl/9p2vKq) %o @ http://localhost:3000/settings/profile:0
[  174140ms] [VERBOSE] [DOM] Input elements should have autocomplete attributes (suggested: "new-password"): (More info: https://goo.gl/9p2vKq) @ http://localhost:3000/settings/site:0
[  175363ms] [LOG] [Fast Refresh] rebuilding @ http://localhost:3000/_next/static/chunks/883b8_next_dist_9ee7ee9b._.js:2297
[  175719ms] [LOG] [Fast Refresh] done in 458ms @ http://localhost:3000/_next/static/chunks/883b8_next_dist_9ee7ee9b._.js:2297
[  198417ms] [VERBOSE] [DOM] Input elements should have autocomplete attributes (suggested: "new-password"): (More info: https://goo.gl/9p2vKq) @ http://localhost:3000/settings/site:0
[  201130ms] [VERBOSE] [DOM] Input elements should have autocomplete attributes (suggested: "new-password"): (More info: https://goo.gl/9p2vKq) @ http://localhost:3000/settings/site:0
[  207135ms] [VERBOSE] [DOM] Password forms should have (optionally hidden) username fields for accessibility: (More info: https://goo.gl/9p2vKq) %o @ http://localhost:3000/settings/profile:0
[  211349ms] [VERBOSE] [DOM] Password forms should have (optionally hidden) username fields for accessibility: (More info: https://goo.gl/9p2vKq) %o @ http://localhost:3000/settings/profile:0
[  237315ms] [LOG] [Fast Refresh] rebuilding @ http://localhost:3000/_next/static/chunks/883b8_next_dist_9ee7ee9b._.js:2297
[  237584ms] [LOG] [Fast Refresh] done in 370ms @ http://localhost:3000/_next/static/chunks/883b8_next_dist_9ee7ee9b._.js:2297
[  254412ms] [LOG] [Fast Refresh] rebuilding @ http://localhost:3000/_next/static/chunks/883b8_next_dist_9ee7ee9b._.js:2297
[  254578ms] [LOG] [Fast Refresh] done in 51ms @ http://localhost:3000/_next/static/chunks/883b8_next_dist_9ee7ee9b._.js:2297
[  262599ms] [LOG] [Fast Refresh] rebuilding @ http://localhost:3000/_next/static/chunks/883b8_next_dist_9ee7ee9b._.js:2297
[  262628ms] [LOG] [Fast Refresh] done in 129ms @ http://localhost:3000/_next/static/chunks/883b8_next_dist_9ee7ee9b._.js:2297
[  262746ms] [LOG] [Fast Refresh] rebuilding @ http://localhost:3000/_next/static/chunks/883b8_next_dist_9ee7ee9b._.js:2297
[  262769ms] [LOG] [Fast Refresh] done in 124ms @ http://localhost:3000/_next/static/chunks/883b8_next_dist_9ee7ee9b._.js:2297
[  276812ms] [LOG] [Fast Refresh] rebuilding @ http://localhost:3000/_next/static/chunks/883b8_next_dist_9ee7ee9b._.js:2297
[  277384ms] [LOG] [Fast Refresh] done in 673ms @ http://localhost:3000/_next/static/chunks/883b8_next_dist_9ee7ee9b._.js:2297
[  278305ms] [LOG] [Fast Refresh] rebuilding @ http://localhost:3000/_next/static/chunks/883b8_next_dist_9ee7ee9b._.js:2297
[  278307ms] [LOG] [Fast Refresh] done in 103ms @ http://localhost:3000/_next/static/chunks/883b8_next_dist_9ee7ee9b._.js:2297
[  292699ms] [LOG] [Fast Refresh] rebuilding @ http://localhost:3000/_next/static/chunks/883b8_next_dist_9ee7ee9b._.js:2297
[  293382ms] [LOG] [Fast Refresh] done in 784ms @ http://localhost:3000/_next/static/chunks/883b8_next_dist_9ee7ee9b._.js:2297
[  297748ms] [LOG] [Fast Refresh] rebuilding @ http://localhost:3000/_next/static/chunks/883b8_next_dist_9ee7ee9b._.js:2297
[  297909ms] [LOG] [Fast Refresh] done in 261ms @ http://localhost:3000/_next/static/chunks/883b8_next_dist_9ee7ee9b._.js:2297
[  299136ms] [LOG] [Fast Refresh] rebuilding @ http://localhost:3000/_next/static/chunks/883b8_next_dist_9ee7ee9b._.js:2297
[  299188ms] [LOG] [Fast Refresh] done in 90ms @ http://localhost:3000/_next/static/chunks/883b8_next_dist_9ee7ee9b._.js:2297
[  328701ms] [LOG] [Fast Refresh] rebuilding @ http://localhost:3000/_next/static/chunks/883b8_next_dist_9ee7ee9b._.js:2297
[  328731ms] [LOG] [Fast Refresh] done in 77ms @ http://localhost:3000/_next/static/chunks/883b8_next_dist_9ee7ee9b._.js:2297
[  328779ms] [LOG] [Fast Refresh] rebuilding @ http://localhost:3000/_next/static/chunks/883b8_next_dist_9ee7ee9b._.js:2297
[  329337ms] [ERROR] Failed to load resource: the server responded with a status of 404 (Not Found) @ http://localhost:3000/p/cmt0hyfow003ircw6f5v096ym?strategy=mobile&_rsc=187sc:0
[  329353ms] [LOG] [Fast Refresh] done in 48ms @ http://localhost:3000/_next/static/chunks/883b8_next_dist_9ee7ee9b._.js:2297
[  332371ms] [INFO] %cDownload the React DevTools for a better development experience: https://react.dev/link/react-devtools font-weight:bold @ http://localhost:3000/_next/static/chunks/883b8_next_dist_9ee7ee9b._.js:2297
[  332464ms] [LOG] [HMR] connected @ http://localhost:3000/_next/static/chunks/883b8_next_dist_9ee7ee9b._.js:2297
[  366868ms] [ERROR] WebSocket connection to 'ws://localhost:3000/_next/webpack-hmr?id=ZWq4umRds0GN4Dob4n0L3' failed: Error in connection establishment: net::ERR_CONNECTION_REFUSED @ http://localhost:3000/_next/static/chunks/883b8_next_dist_client_93c1f073._.js:10876
[  367871ms] [ERROR] WebSocket connection to 'ws://localhost:3000/_next/webpack-hmr?id=ZWq4umRds0GN4Dob4n0L3' failed: Error in connection establishment: net::ERR_CONNECTION_REFUSED @ http://localhost:3000/_next/static/chunks/883b8_next_dist_client_93c1f073._.js:10876
[  369545ms] [LOG] [HMR] connected @ http://localhost:3000/_next/static/chunks/883b8_next_dist_9ee7ee9b._.js:2297
[  373273ms] [INFO] %cDownload the React DevTools for a better development experience: https://react.dev/link/react-devtools font-weight:bold @ http://localhost:3000/_next/static/chunks/883b8_next_dist_9ee7ee9b._.js:2297
[  373326ms] [LOG] [HMR] connected @ http://localhost:3000/_next/static/chunks/883b8_next_dist_9ee7ee9b._.js:2297
[  375123ms] [LOG] [Fast Refresh] rebuilding @ http://localhost:3000/_next/static/chunks/883b8_next_dist_9ee7ee9b._.js:2297
[  375479ms] [LOG] [Fast Refresh] done in 457ms @ http://localhost:3000/_next/static/chunks/883b8_next_dist_9ee7ee9b._.js:2297
[  755659ms] [ERROR] ./ShipStudio/pagespeed-auditor/components/settings/ScheduleForm.tsx:5:1
Export formatHour doesn't exist in target module
   3 | import { useActionState, useState } from 'react';
   4 | import { saveScheduleAction } from '@/app/actions/settings';
>  5 | import {
     | ^^^^^^^^
>  6 |   choiceToCron, cronToChoice, describeChoice, describeCron, formatHour,
     | ^^^^^^^^^^^^^^^^^^^^^^^^^^^^^^^^^^^^^^^^^^^^^^^^^^^^^^^^^^^^^^^^^^^^^^^
>  7 |   DAYS, DEFAULT_CHOICE, type Frequency, type ScheduleChoice,
     | ^^^^^^^^^^^^^^^^^^^^^^^^^^^^^^^^^^^^^^^^^^^^^^^^^^^^^^^^^^^^^^^^^^^^^^^
>  8 | } from '@/lib/services/cronPhrase';
     | ^^^^^^^^^^^^^^^^^^^^^^^^^^^^^^^^^^^^
   9 |
  10 | const FREQUENCIES: Array<{ value: Frequency; label: string }> = [
  11 |   { value: 'daily', label: 'Every day' },

The export formatHour was not found in module [project]/ShipStudio/pagespeed-auditor/lib/services/cronPhrase.ts [app-client] (ecmascript).
Did you mean to import formatTime?
All exports of the module are statically known (It doesn't have dynamic exports). So it's known statically that the requested export doesn't exist.

Import trace:
  Server Component:
    ./ShipStudio/pagespeed-auditor/components/settings/ScheduleForm.tsx
    ./ShipStudio/pagespeed-auditor/app/(dash)/settings/page.tsx @ http://localhost:3000/_next/static/chunks/883b8_next_dist_9ee7ee9b._.js:3127
[  755659ms] [ERROR] ./ShipStudio/pagespeed-auditor/components/settings/ScheduleForm.tsx:5:1
Export formatHour doesn't exist in target module
   3 | import { useActionState, useState } from 'react';
   4 | import { saveScheduleAction } from '@/app/actions/settings';
>  5 | import {
     | ^^^^^^^^
>  6 |   choiceToCron, cronToChoice, describeChoice, describeCron, formatHour,
     | ^^^^^^^^^^^^^^^^^^^^^^^^^^^^^^^^^^^^^^^^^^^^^^^^^^^^^^^^^^^^^^^^^^^^^^^
>  7 |   DAYS, DEFAULT_CHOICE, type Frequency, type ScheduleChoice,
     | ^^^^^^^^^^^^^^^^^^^^^^^^^^^^^^^^^^^^^^^^^^^^^^^^^^^^^^^^^^^^^^^^^^^^^^^
>  8 | } from '@/lib/services/cronPhrase';
     | ^^^^^^^^^^^^^^^^^^^^^^^^^^^^^^^^^^^^
   9 |
  10 | const FREQUENCIES: Array<{ value: Frequency; label: string }> = [
  11 |   { value: 'daily', label: 'Every day' },

The export formatHour was not found in module [project]/ShipStudio/pagespeed-auditor/lib/services/cronPhrase.ts [app-ssr] (ecmascript).
Did you mean to import formatTime?
All exports of the module are statically known (It doesn't have dynamic exports). So it's known statically that the requested export doesn't exist.

Import trace:
  Server Component:
    ./ShipStudio/pagespeed-auditor/components/settings/ScheduleForm.tsx
    ./ShipStudio/pagespeed-auditor/app/(dash)/settings/page.tsx @ http://localhost:3000/_next/static/chunks/883b8_next_dist_9ee7ee9b._.js:3127
[  755707ms] [LOG] [Fast Refresh] rebuilding @ http://localhost:3000/_next/static/chunks/883b8_next_dist_9ee7ee9b._.js:2297
[  759001ms] [ERROR] ./ShipStudio/pagespeed-auditor/components/settings/ScheduleForm.tsx:5:1
Export formatHour doesn't exist in target module
   3 | import { useActionState, useState } from 'react';
   4 | import { saveScheduleAction } from '@/app/actions/settings';
>  5 | import {
     | ^^^^^^^^
>  6 |   choiceToCron, cronToChoice, describeChoice, describeCron, formatHour,
     | ^^^^^^^^^^^^^^^^^^^^^^^^^^^^^^^^^^^^^^^^^^^^^^^^^^^^^^^^^^^^^^^^^^^^^^^
>  7 |   DAYS, DEFAULT_CHOICE, type Frequency, type ScheduleChoice,
     | ^^^^^^^^^^^^^^^^^^^^^^^^^^^^^^^^^^^^^^^^^^^^^^^^^^^^^^^^^^^^^^^^^^^^^^^
>  8 | } from '@/lib/services/cronPhrase';
     | ^^^^^^^^^^^^^^^^^^^^^^^^^^^^^^^^^^^^
   9 |
  10 | const FREQUENCIES: Array<{ value: Frequency; label: string }> = [
  11 |   { value: 'daily', label: 'Every day' },

The export formatHour was not found in module [project]/ShipStudio/pagespeed-auditor/lib/services/cronPhrase.ts [app-client] (ecmascript).
Did you mean to import formatTime?
All exports of the module are statically known (It doesn't have dynamic exports). So it's known statically that the requested export doesn't exist.

Import trace:
  Server Component:
    ./ShipStudio/pagespeed-auditor/components/settings/ScheduleForm.tsx
    ./ShipStudio/pagespeed-auditor/app/(dash)/settings/page.tsx @ http://localhost:3000/_next/static/chunks/883b8_next_dist_9ee7ee9b._.js:3127
[  759001ms] [ERROR] ./ShipStudio/pagespeed-auditor/components/settings/ScheduleForm.tsx:5:1
Export formatHour doesn't exist in target module
   3 | import { useActionState, useState } from 'react';
   4 | import { saveScheduleAction } from '@/app/actions/settings';
>  5 | import {
     | ^^^^^^^^
>  6 |   choiceToCron, cronToChoice, describeChoice, describeCron, formatHour,
     | ^^^^^^^^^^^^^^^^^^^^^^^^^^^^^^^^^^^^^^^^^^^^^^^^^^^^^^^^^^^^^^^^^^^^^^^
>  7 |   DAYS, DEFAULT_CHOICE, type Frequency, type ScheduleChoice,
     | ^^^^^^^^^^^^^^^^^^^^^^^^^^^^^^^^^^^^^^^^^^^^^^^^^^^^^^^^^^^^^^^^^^^^^^^
>  8 | } from '@/lib/services/cronPhrase';
     | ^^^^^^^^^^^^^^^^^^^^^^^^^^^^^^^^^^^^
   9 |
  10 | const FREQUENCIES: Array<{ value: Frequency; label: string }> = [
  11 |   { value: 'daily', label: 'Every day' },

The export formatHour was not found in module [project]/ShipStudio/pagespeed-auditor/lib/services/cronPhrase.ts [app-ssr] (ecmascript).
Did you mean to import formatTime?
All exports of the module are statically known (It doesn't have dynamic exports). So it's known statically that the requested export doesn't exist.

Import trace:
  Server Component:
    ./ShipStudio/pagespeed-auditor/components/settings/ScheduleForm.tsx
    ./ShipStudio/pagespeed-auditor/app/(dash)/settings/page.tsx @ http://localhost:3000/_next/static/chunks/883b8_next_dist_9ee7ee9b._.js:3127
[  759067ms] [LOG] [Fast Refresh] rebuilding @ http://localhost:3000/_next/static/chunks/883b8_next_dist_9ee7ee9b._.js:2297
[  767239ms] [ERROR] ./ShipStudio/pagespeed-auditor/components/settings/ScheduleForm.tsx:5:1
Export formatHour doesn't exist in target module
   3 | import { useActionState, useState } from 'react';
   4 | import { saveScheduleAction } from '@/app/actions/settings';
>  5 | import {
     | ^^^^^^^^
>  6 |   choiceToCron, cronToChoice, describeChoice, describeCron, formatHour,
     | ^^^^^^^^^^^^^^^^^^^^^^^^^^^^^^^^^^^^^^^^^^^^^^^^^^^^^^^^^^^^^^^^^^^^^^^
>  7 |   DAYS, DEFAULT_CHOICE, type Frequency, type ScheduleChoice,
     | ^^^^^^^^^^^^^^^^^^^^^^^^^^^^^^^^^^^^^^^^^^^^^^^^^^^^^^^^^^^^^^^^^^^^^^^
>  8 | } from '@/lib/services/cronPhrase';
     | ^^^^^^^^^^^^^^^^^^^^^^^^^^^^^^^^^^^^
   9 |
  10 | const FREQUENCIES: Array<{ value: Frequency; label: string }> = [
  11 |   { value: 'daily', label: 'Every day' },

The export formatHour was not found in module [project]/ShipStudio/pagespeed-auditor/lib/services/cronPhrase.ts [app-client] (ecmascript).
Did you mean to import formatTime?
All exports of the module are statically known (It doesn't have dynamic exports). So it's known statically that the requested export doesn't exist.

Import trace:
  Server Component:
    ./ShipStudio/pagespeed-auditor/components/settings/ScheduleForm.tsx
    ./ShipStudio/pagespeed-auditor/app/(dash)/settings/page.tsx @ http://localhost:3000/_next/static/chunks/883b8_next_dist_9ee7ee9b._.js:3127
[  767239ms] [ERROR] ./ShipStudio/pagespeed-auditor/components/settings/ScheduleForm.tsx:5:1
Export formatHour doesn't exist in target module
   3 | import { useActionState, useState } from 'react';
   4 | import { saveScheduleAction } from '@/app/actions/settings';
>  5 | import {
     | ^^^^^^^^
>  6 |   choiceToCron, cronToChoice, describeChoice, describeCron, formatHour,
     | ^^^^^^^^^^^^^^^^^^^^^^^^^^^^^^^^^^^^^^^^^^^^^^^^^^^^^^^^^^^^^^^^^^^^^^^
>  7 |   DAYS, DEFAULT_CHOICE, type Frequency, type ScheduleChoice,
     | ^^^^^^^^^^^^^^^^^^^^^^^^^^^^^^^^^^^^^^^^^^^^^^^^^^^^^^^^^^^^^^^^^^^^^^^
>  8 | } from '@/lib/services/cronPhrase';
     | ^^^^^^^^^^^^^^^^^^^^^^^^^^^^^^^^^^^^
   9 |
  10 | const FREQUENCIES: Array<{ value: Frequency; label: string }> = [
  11 |   { value: 'daily', label: 'Every day' },

The export formatHour was not found in module [project]/ShipStudio/pagespeed-auditor/lib/services/cronPhrase.ts [app-ssr] (ecmascript).
Did you mean to import formatTime?
All exports of the module are statically known (It doesn't have dynamic exports). So it's known statically that the requested export doesn't exist.

Import trace:
  Server Component:
    ./ShipStudio/pagespeed-auditor/components/settings/ScheduleForm.tsx
    ./ShipStudio/pagespeed-auditor/app/(dash)/settings/page.tsx @ http://localhost:3000/_next/static/chunks/883b8_next_dist_9ee7ee9b._.js:3127
[  767303ms] [LOG] [Fast Refresh] rebuilding @ http://localhost:3000/_next/static/chunks/883b8_next_dist_9ee7ee9b._.js:2297
[  771025ms] [ERROR] ./ShipStudio/pagespeed-auditor/components/settings/ScheduleForm.tsx:5:1
Export formatHour doesn't exist in target module
   3 | import { useActionState, useState } from 'react';
   4 | import { saveScheduleAction } from '@/app/actions/settings';
>  5 | import {
     | ^^^^^^^^
>  6 |   choiceToCron, cronToChoice, describeChoice, describeCron, formatHour,
     | ^^^^^^^^^^^^^^^^^^^^^^^^^^^^^^^^^^^^^^^^^^^^^^^^^^^^^^^^^^^^^^^^^^^^^^^
>  7 |   DAYS, DEFAULT_CHOICE, type Frequency, type ScheduleChoice,
     | ^^^^^^^^^^^^^^^^^^^^^^^^^^^^^^^^^^^^^^^^^^^^^^^^^^^^^^^^^^^^^^^^^^^^^^^
>  8 | } from '@/lib/services/cronPhrase';
     | ^^^^^^^^^^^^^^^^^^^^^^^^^^^^^^^^^^^^
   9 |
  10 | const FREQUENCIES: Array<{ value: Frequency; label: string }> = [
  11 |   { value: 'daily', label: 'Every day' },

The export formatHour was not found in module [project]/ShipStudio/pagespeed-auditor/lib/services/cronPhrase.ts [app-client] (ecmascript).
Did you mean to import formatTime?
All exports of the module are statically known (It doesn't have dynamic exports). So it's known statically that the requested export doesn't exist.

Import trace:
  Server Component:
    ./ShipStudio/pagespeed-auditor/components/settings/ScheduleForm.tsx
    ./ShipStudio/pagespeed-auditor/app/(dash)/settings/page.tsx @ http://localhost:3000/_next/static/chunks/883b8_next_dist_9ee7ee9b._.js:3127
[  771025ms] [ERROR] ./ShipStudio/pagespeed-auditor/components/settings/ScheduleForm.tsx:5:1
Export formatHour doesn't exist in target module
   3 | import { useActionState, useState } from 'react';
   4 | import { saveScheduleAction } from '@/app/actions/settings';
>  5 | import {
     | ^^^^^^^^
>  6 |   choiceToCron, cronToChoice, describeChoice, describeCron, formatHour,
     | ^^^^^^^^^^^^^^^^^^^^^^^^^^^^^^^^^^^^^^^^^^^^^^^^^^^^^^^^^^^^^^^^^^^^^^^
>  7 |   DAYS, DEFAULT_CHOICE, type Frequency, type ScheduleChoice,
     | ^^^^^^^^^^^^^^^^^^^^^^^^^^^^^^^^^^^^^^^^^^^^^^^^^^^^^^^^^^^^^^^^^^^^^^^
>  8 | } from '@/lib/services/cronPhrase';
     | ^^^^^^^^^^^^^^^^^^^^^^^^^^^^^^^^^^^^
   9 |
  10 | const FREQUENCIES: Array<{ value: Frequency; label: string }> = [
  11 |   { value: 'daily', label: 'Every day' },

The export formatHour was not found in module [project]/ShipStudio/pagespeed-auditor/lib/services/cronPhrase.ts [app-ssr] (ecmascript).
Did you mean to import formatTime?
All exports of the module are statically known (It doesn't have dynamic exports). So it's known statically that the requested export doesn't exist.

Import trace:
  Server Component:
    ./ShipStudio/pagespeed-auditor/components/settings/ScheduleForm.tsx
    ./ShipStudio/pagespeed-auditor/app/(dash)/settings/page.tsx @ http://localhost:3000/_next/static/chunks/883b8_next_dist_9ee7ee9b._.js:3127
[  771090ms] [LOG] [Fast Refresh] rebuilding @ http://localhost:3000/_next/static/chunks/883b8_next_dist_9ee7ee9b._.js:2297
[  779266ms] [ERROR] ./ShipStudio/pagespeed-auditor/components/settings/ScheduleForm.tsx:5:1
Export formatHour doesn't exist in target module
   3 | import { useActionState, useState } from 'react';
   4 | import { saveScheduleAction } from '@/app/actions/settings';
>  5 | import {
     | ^^^^^^^^
>  6 |   choiceToCron, cronToChoice, describeChoice, describeCron, formatHour,
     | ^^^^^^^^^^^^^^^^^^^^^^^^^^^^^^^^^^^^^^^^^^^^^^^^^^^^^^^^^^^^^^^^^^^^^^^
>  7 |   DAYS, DEFAULT_CHOICE, type Frequency, type ScheduleChoice,
     | ^^^^^^^^^^^^^^^^^^^^^^^^^^^^^^^^^^^^^^^^^^^^^^^^^^^^^^^^^^^^^^^^^^^^^^^
>  8 | } from '@/lib/services/cronPhrase';
     | ^^^^^^^^^^^^^^^^^^^^^^^^^^^^^^^^^^^^
   9 |
  10 | const FREQUENCIES: Array<{ value: Frequency; label: string }> = [
  11 |   { value: 'daily', label: 'Every day' },

The export formatHour was not found in module [project]/ShipStudio/pagespeed-auditor/lib/services/cronPhrase.ts [app-client] (ecmascript).
Did you mean to import formatTime?
All exports of the module are statically known (It doesn't have dynamic exports). So it's known statically that the requested export doesn't exist.

Import trace:
  Server Component:
    ./ShipStudio/pagespeed-auditor/components/settings/ScheduleForm.tsx
    ./ShipStudio/pagespeed-auditor/app/(dash)/settings/page.tsx @ http://localhost:3000/_next/static/chunks/883b8_next_dist_9ee7ee9b._.js:3127
[  779267ms] [ERROR] ./ShipStudio/pagespeed-auditor/components/settings/ScheduleForm.tsx:5:1
Export formatHour doesn't exist in target module
   3 | import { useActionState, useState } from 'react';
   4 | import { saveScheduleAction } from '@/app/actions/settings';
>  5 | import {
     | ^^^^^^^^
>  6 |   choiceToCron, cronToChoice, describeChoice, describeCron, formatHour,
     | ^^^^^^^^^^^^^^^^^^^^^^^^^^^^^^^^^^^^^^^^^^^^^^^^^^^^^^^^^^^^^^^^^^^^^^^
>  7 |   DAYS, DEFAULT_CHOICE, type Frequency, type ScheduleChoice,
     | ^^^^^^^^^^^^^^^^^^^^^^^^^^^^^^^^^^^^^^^^^^^^^^^^^^^^^^^^^^^^^^^^^^^^^^^
>  8 | } from '@/lib/services/cronPhrase';
     | ^^^^^^^^^^^^^^^^^^^^^^^^^^^^^^^^^^^^
   9 |
  10 | const FREQUENCIES: Array<{ value: Frequency; label: string }> = [
  11 |   { value: 'daily', label: 'Every day' },

The export formatHour was not found in module [project]/ShipStudio/pagespeed-auditor/lib/services/cronPhrase.ts [app-ssr] (ecmascript).
Did you mean to import formatTime?
All exports of the module are statically known (It doesn't have dynamic exports). So it's known statically that the requested export doesn't exist.

Import trace:
  Server Component:
    ./ShipStudio/pagespeed-auditor/components/settings/ScheduleForm.tsx
    ./ShipStudio/pagespeed-auditor/app/(dash)/settings/page.tsx @ http://localhost:3000/_next/static/chunks/883b8_next_dist_9ee7ee9b._.js:3127
[  779331ms] [LOG] [Fast Refresh] rebuilding @ http://localhost:3000/_next/static/chunks/883b8_next_dist_9ee7ee9b._.js:2297
[  783051ms] [ERROR] ./ShipStudio/pagespeed-auditor/components/settings/ScheduleForm.tsx:5:1
Export formatHour doesn't exist in target module
   3 | import { useActionState, useState } from 'react';
   4 | import { saveScheduleAction } from '@/app/actions/settings';
>  5 | import {
     | ^^^^^^^^
>  6 |   choiceToCron, cronToChoice, describeChoice, describeCron, formatHour,
     | ^^^^^^^^^^^^^^^^^^^^^^^^^^^^^^^^^^^^^^^^^^^^^^^^^^^^^^^^^^^^^^^^^^^^^^^
>  7 |   DAYS, DEFAULT_CHOICE, type Frequency, type ScheduleChoice,
     | ^^^^^^^^^^^^^^^^^^^^^^^^^^^^^^^^^^^^^^^^^^^^^^^^^^^^^^^^^^^^^^^^^^^^^^^
>  8 | } from '@/lib/services/cronPhrase';
     | ^^^^^^^^^^^^^^^^^^^^^^^^^^^^^^^^^^^^
   9 |
  10 | const FREQUENCIES: Array<{ value: Frequency; label: string }> = [
  11 |   { value: 'daily', label: 'Every day' },

The export formatHour was not found in module [project]/ShipStudio/pagespeed-auditor/lib/services/cronPhrase.ts [app-client] (ecmascript).
Did you mean to import formatTime?
All exports of the module are statically known (It doesn't have dynamic exports). So it's known statically that the requested export doesn't exist.

Import trace:
  Server Component:
    ./ShipStudio/pagespeed-auditor/components/settings/ScheduleForm.tsx
    ./ShipStudio/pagespeed-auditor/app/(dash)/settings/page.tsx @ http://localhost:3000/_next/static/chunks/883b8_next_dist_9ee7ee9b._.js:3127
[  783051ms] [ERROR] ./ShipStudio/pagespeed-auditor/components/settings/ScheduleForm.tsx:5:1
Export formatHour doesn't exist in target module
   3 | import { useActionState, useState } from 'react';
   4 | import { saveScheduleAction } from '@/app/actions/settings';
>  5 | import {
     | ^^^^^^^^
>  6 |   choiceToCron, cronToChoice, describeChoice, describeCron, formatHour,
     | ^^^^^^^^^^^^^^^^^^^^^^^^^^^^^^^^^^^^^^^^^^^^^^^^^^^^^^^^^^^^^^^^^^^^^^^
>  7 |   DAYS, DEFAULT_CHOICE, type Frequency, type ScheduleChoice,
     | ^^^^^^^^^^^^^^^^^^^^^^^^^^^^^^^^^^^^^^^^^^^^^^^^^^^^^^^^^^^^^^^^^^^^^^^
>  8 | } from '@/lib/services/cronPhrase';
     | ^^^^^^^^^^^^^^^^^^^^^^^^^^^^^^^^^^^^
   9 |
  10 | const FREQUENCIES: Array<{ value: Frequency; label: string }> = [
  11 |   { value: 'daily', label: 'Every day' },

The export formatHour was not found in module [project]/ShipStudio/pagespeed-auditor/lib/services/cronPhrase.ts [app-ssr] (ecmascript).
Did you mean to import formatTime?
All exports of the module are statically known (It doesn't have dynamic exports). So it's known statically that the requested export doesn't exist.

Import trace:
  Server Component:
    ./ShipStudio/pagespeed-auditor/components/settings/ScheduleForm.tsx
    ./ShipStudio/pagespeed-auditor/app/(dash)/settings/page.tsx @ http://localhost:3000/_next/static/chunks/883b8_next_dist_9ee7ee9b._.js:3127
[  783114ms] [LOG] [Fast Refresh] rebuilding @ http://localhost:3000/_next/static/chunks/883b8_next_dist_9ee7ee9b._.js:2297
[  791307ms] [ERROR] ./ShipStudio/pagespeed-auditor/components/settings/ScheduleForm.tsx:5:1
Export formatHour doesn't exist in target module
   3 | import { useActionState, useState } from 'react';
   4 | import { saveScheduleAction } from '@/app/actions/settings';
>  5 | import {
     | ^^^^^^^^
>  6 |   choiceToCron, cronToChoice, describeChoice, describeCron, formatHour,
     | ^^^^^^^^^^^^^^^^^^^^^^^^^^^^^^^^^^^^^^^^^^^^^^^^^^^^^^^^^^^^^^^^^^^^^^^
>  7 |   DAYS, DEFAULT_CHOICE, type Frequency, type ScheduleChoice,
     | ^^^^^^^^^^^^^^^^^^^^^^^^^^^^^^^^^^^^^^^^^^^^^^^^^^^^^^^^^^^^^^^^^^^^^^^
>  8 | } from '@/lib/services/cronPhrase';
     | ^^^^^^^^^^^^^^^^^^^^^^^^^^^^^^^^^^^^
   9 |
  10 | const FREQUENCIES: Array<{ value: Frequency; label: string }> = [
  11 |   { value: 'daily', label: 'Every day' },

The export formatHour was not found in module [project]/ShipStudio/pagespeed-auditor/lib/services/cronPhrase.ts [app-client] (ecmascript).
Did you mean to import formatTime?
All exports of the module are statically known (It doesn't have dynamic exports). So it's known statically that the requested export doesn't exist.

Import trace:
  Server Component:
    ./ShipStudio/pagespeed-auditor/components/settings/ScheduleForm.tsx
    ./ShipStudio/pagespeed-auditor/app/(dash)/settings/page.tsx @ http://localhost:3000/_next/static/chunks/883b8_next_dist_9ee7ee9b._.js:3127
[  791307ms] [ERROR] ./ShipStudio/pagespeed-auditor/components/settings/ScheduleForm.tsx:5:1
Export formatHour doesn't exist in target module
   3 | import { useActionState, useState } from 'react';
   4 | import { saveScheduleAction } from '@/app/actions/settings';
>  5 | import {
     | ^^^^^^^^
>  6 |   choiceToCron, cronToChoice, describeChoice, describeCron, formatHour,
     | ^^^^^^^^^^^^^^^^^^^^^^^^^^^^^^^^^^^^^^^^^^^^^^^^^^^^^^^^^^^^^^^^^^^^^^^
>  7 |   DAYS, DEFAULT_CHOICE, type Frequency, type ScheduleChoice,
     | ^^^^^^^^^^^^^^^^^^^^^^^^^^^^^^^^^^^^^^^^^^^^^^^^^^^^^^^^^^^^^^^^^^^^^^^
>  8 | } from '@/lib/services/cronPhrase';
     | ^^^^^^^^^^^^^^^^^^^^^^^^^^^^^^^^^^^^
   9 |
  10 | const FREQUENCIES: Array<{ value: Frequency; label: string }> = [
  11 |   { value: 'daily', label: 'Every day' },

The export formatHour was not found in module [project]/ShipStudio/pagespeed-auditor/lib/services/cronPhrase.ts [app-ssr] (ecmascript).
Did you mean to import formatTime?
All exports of the module are statically known (It doesn't have dynamic exports). So it's known statically that the requested export doesn't exist.

Import trace:
  Server Component:
    ./ShipStudio/pagespeed-auditor/components/settings/ScheduleForm.tsx
    ./ShipStudio/pagespeed-auditor/app/(dash)/settings/page.tsx @ http://localhost:3000/_next/static/chunks/883b8_next_dist_9ee7ee9b._.js:3127
[  791371ms] [LOG] [Fast Refresh] rebuilding @ http://localhost:3000/_next/static/chunks/883b8_next_dist_9ee7ee9b._.js:2297
[  795075ms] [ERROR] ./ShipStudio/pagespeed-auditor/components/settings/ScheduleForm.tsx:5:1
Export formatHour doesn't exist in target module
   3 | import { useActionState, useState } from 'react';
   4 | import { saveScheduleAction } from '@/app/actions/settings';
>  5 | import {
     | ^^^^^^^^
>  6 |   choiceToCron, cronToChoice, describeChoice, describeCron, formatHour,
     | ^^^^^^^^^^^^^^^^^^^^^^^^^^^^^^^^^^^^^^^^^^^^^^^^^^^^^^^^^^^^^^^^^^^^^^^
>  7 |   DAYS, DEFAULT_CHOICE, type Frequency, type ScheduleChoice,
     | ^^^^^^^^^^^^^^^^^^^^^^^^^^^^^^^^^^^^^^^^^^^^^^^^^^^^^^^^^^^^^^^^^^^^^^^
>  8 | } from '@/lib/services/cronPhrase';
     | ^^^^^^^^^^^^^^^^^^^^^^^^^^^^^^^^^^^^
   9 |
  10 | const FREQUENCIES: Array<{ value: Frequency; label: string }> = [
  11 |   { value: 'daily', label: 'Every day' },

The export formatHour was not found in module [project]/ShipStudio/pagespeed-auditor/lib/services/cronPhrase.ts [app-client] (ecmascript).
Did you mean to import formatTime?
All exports of the module are statically known (It doesn't have dynamic exports). So it's known statically that the requested export doesn't exist.

Import trace:
  Server Component:
    ./ShipStudio/pagespeed-auditor/components/settings/ScheduleForm.tsx
    ./ShipStudio/pagespeed-auditor/app/(dash)/settings/page.tsx @ http://localhost:3000/_next/static/chunks/883b8_next_dist_9ee7ee9b._.js:3127
[  795076ms] [ERROR] ./ShipStudio/pagespeed-auditor/components/settings/ScheduleForm.tsx:5:1
Export formatHour doesn't exist in target module
   3 | import { useActionState, useState } from 'react';
   4 | import { saveScheduleAction } from '@/app/actions/settings';
>  5 | import {
     | ^^^^^^^^
>  6 |   choiceToCron, cronToChoice, describeChoice, describeCron, formatHour,
     | ^^^^^^^^^^^^^^^^^^^^^^^^^^^^^^^^^^^^^^^^^^^^^^^^^^^^^^^^^^^^^^^^^^^^^^^
>  7 |   DAYS, DEFAULT_CHOICE, type Frequency, type ScheduleChoice,
     | ^^^^^^^^^^^^^^^^^^^^^^^^^^^^^^^^^^^^^^^^^^^^^^^^^^^^^^^^^^^^^^^^^^^^^^^
>  8 | } from '@/lib/services/cronPhrase';
     | ^^^^^^^^^^^^^^^^^^^^^^^^^^^^^^^^^^^^
   9 |
  10 | const FREQUENCIES: Array<{ value: Frequency; label: string }> = [
  11 |   { value: 'daily', label: 'Every day' },

The export formatHour was not found in module [project]/ShipStudio/pagespeed-auditor/lib/services/cronPhrase.ts [app-ssr] (ecmascript).
Did you mean to import formatTime?
All exports of the module are statically known (It doesn't have dynamic exports). So it's known statically that the requested export doesn't exist.

Import trace:
  Server Component:
    ./ShipStudio/pagespeed-auditor/components/settings/ScheduleForm.tsx
    ./ShipStudio/pagespeed-auditor/app/(dash)/settings/page.tsx @ http://localhost:3000/_next/static/chunks/883b8_next_dist_9ee7ee9b._.js:3127
[  795141ms] [LOG] [Fast Refresh] rebuilding @ http://localhost:3000/_next/static/chunks/883b8_next_dist_9ee7ee9b._.js:2297
[  802579ms] [LOG] [Fast Refresh] rebuilding @ http://localhost:3000/_next/static/chunks/883b8_next_dist_9ee7ee9b._.js:2297
[  802679ms] [LOG] [Fast Refresh] done in 109ms @ http://localhost:3000/_next/static/chunks/883b8_next_dist_9ee7ee9b._.js:2297
[  802830ms] [LOG] [Fast Refresh] rebuilding @ http://localhost:3000/_next/static/chunks/883b8_next_dist_9ee7ee9b._.js:2297
[  803137ms] [LOG] [Fast Refresh] done in 409ms @ http://localhost:3000/_next/static/chunks/883b8_next_dist_9ee7ee9b._.js:2297
[  846912ms] [LOG] [Fast Refresh] rebuilding @ http://localhost:3000/_next/static/chunks/883b8_next_dist_9ee7ee9b._.js:2297
[  847098ms] [LOG] [Fast Refresh] done in 55ms @ http://localhost:3000/_next/static/chunks/883b8_next_dist_9ee7ee9b._.js:2297
[  847222ms] [LOG] [Fast Refresh] rebuilding @ http://localhost:3000/_next/static/chunks/883b8_next_dist_9ee7ee9b._.js:2297
[  847347ms] [LOG] [Fast Refresh] done in 227ms @ http://localhost:3000/_next/static/chunks/883b8_next_dist_9ee7ee9b._.js:2297
[  848109ms] [LOG] [Fast Refresh] rebuilding @ http://localhost:3000/_next/static/chunks/883b8_next_dist_9ee7ee9b._.js:2297
[  848121ms] [LOG] [Fast Refresh] done in 114ms @ http://localhost:3000/_next/static/chunks/883b8_next_dist_9ee7ee9b._.js:2297
[  849223ms] [LOG] [Fast Refresh] rebuilding @ http://localhost:3000/_next/static/chunks/883b8_next_dist_9ee7ee9b._.js:2297
[  849266ms] [LOG] [Fast Refresh] done in 144ms @ http://localhost:3000/_next/static/chunks/883b8_next_dist_9ee7ee9b._.js:2297
[  889662ms] [ERROR] WebSocket connection to 'ws://localhost:3000/_next/webpack-hmr?id=LxNPsLK_33ECNIHOR7q3v' failed: Error in connection establishment: net::ERR_CONNECTION_REFUSED @ http://localhost:3000/_next/static/chunks/883b8_next_dist_client_93c1f073._.js:10876
[  890666ms] [ERROR] WebSocket connection to 'ws://localhost:3000/_next/webpack-hmr?id=LxNPsLK_33ECNIHOR7q3v' failed: Error in connection establishment: net::ERR_CONNECTION_REFUSED @ http://localhost:3000/_next/static/chunks/883b8_next_dist_client_93c1f073._.js:10876
[  891235ms] [ERROR] Failed to load resource: net::ERR_CONNECTION_REFUSED @ http://localhost:3000/api/runs/active:0
[  892186ms] [LOG] [HMR] connected @ http://localhost:3000/_next/static/chunks/883b8_next_dist_9ee7ee9b._.js:2297
[  894822ms] [INFO] %cDownload the React DevTools for a better development experience: https://react.dev/link/react-devtools font-weight:bold @ http://localhost:3000/_next/static/chunks/883b8_next_dist_9ee7ee9b._.js:2297
[  894867ms] [LOG] [HMR] connected @ http://localhost:3000/_next/static/chunks/883b8_next_dist_9ee7ee9b._.js:2297
[  895294ms] [LOG] [Fast Refresh] rebuilding @ http://localhost:3000/_next/static/chunks/883b8_next_dist_9ee7ee9b._.js:2297
[  895570ms] [LOG] [Fast Refresh] done in 377ms @ http://localhost:3000/_next/static/chunks/883b8_next_dist_9ee7ee9b._.js:2297
