[     356ms] [INFO] %cDownload the React DevTools for a better development experience: https://react.dev/link/react-devtools font-weight:bold @ http://localhost:3000/_next/static/chunks/883b8_next_dist_9ee7ee9b._.js:2297
[     387ms] [LOG] [HMR] connected @ http://localhost:3000/_next/static/chunks/883b8_next_dist_9ee7ee9b._.js:2297
[   84210ms] [LOG] [Fast Refresh] rebuilding @ http://localhost:3000/_next/static/chunks/883b8_next_dist_9ee7ee9b._.js:2297
[   84413ms] [LOG] [Fast Refresh] done in 306ms @ http://localhost:3000/_next/static/chunks/883b8_next_dist_9ee7ee9b._.js:2297
[   86850ms] [LOG] [Fast Refresh] rebuilding @ http://localhost:3000/_next/static/chunks/883b8_next_dist_9ee7ee9b._.js:2297
[   86962ms] [LOG] [Fast Refresh] done in 213ms @ http://localhost:3000/_next/static/chunks/883b8_next_dist_9ee7ee9b._.js:2297
[  122986ms] [LOG] [Fast Refresh] rebuilding @ http://localhost:3000/_next/static/chunks/883b8_next_dist_9ee7ee9b._.js:2297
[  123016ms] [LOG] [Fast Refresh] done in 48ms @ http://localhost:3000/_next/static/chunks/883b8_next_dist_9ee7ee9b._.js:2297
[  151562ms] [LOG] [Fast Refresh] rebuilding @ http://localhost:3000/_next/static/chunks/883b8_next_dist_9ee7ee9b._.js:2297
[  151598ms] [LOG] [Fast Refresh] done in 41ms @ http://localhost:3000/_next/static/chunks/883b8_next_dist_9ee7ee9b._.js:2297
[  187676ms] [LOG] [Fast Refresh] rebuilding @ http://localhost:3000/_next/static/chunks/883b8_next_dist_9ee7ee9b._.js:2297
[  187720ms] [LOG] [Fast Refresh] done in 36ms @ http://localhost:3000/_next/static/chunks/883b8_next_dist_9ee7ee9b._.js:2297
[  210409ms] [ERROR] WebSocket connection to 'ws://localhost:3000/_next/webpack-hmr?id=N_j7X-WMbFamCFfciZ8UU' failed: Error in connection establishment: net::ERR_CONNECTION_REFUSED @ http://localhost:3000/_next/static/chunks/883b8_next_dist_client_93c1f073._.js:10876
[  211413ms] [ERROR] WebSocket connection to 'ws://localhost:3000/_next/webpack-hmr?id=N_j7X-WMbFamCFfciZ8UU' failed: Error in connection establishment: net::ERR_CONNECTION_REFUSED @ http://localhost:3000/_next/static/chunks/883b8_next_dist_client_93c1f073._.js:10876
[  212534ms] [LOG] [HMR] connected @ http://localhost:3000/_next/static/chunks/883b8_next_dist_9ee7ee9b._.js:2297
[  214052ms] [INFO] %cDownload the React DevTools for a better development experience: https://react.dev/link/react-devtools font-weight:bold @ http://localhost:3000/_next/static/chunks/883b8_next_dist_9ee7ee9b._.js:2297
[  214082ms] [LOG] [HMR] connected @ http://localhost:3000/_next/static/chunks/883b8_next_dist_9ee7ee9b._.js:2297
[  214267ms] Error: Hydration failed because the server rendered HTML didn't match the client. As a result this tree will be regenerated on the client. This can happen if a SSR-ed Client Component used:

- A server/client branch `if (typeof window !== 'undefined')`.
- Variable input such as `Date.now()` or `Math.random()` which changes each time it's called.
- Date formatting in a user's locale which doesn't match the server.
- External changing data without sending a snapshot of it along with the HTML.
- Invalid HTML tag nesting.

It can also happen if the client has a browser extension installed which messes with the HTML before React loaded.

https://react.dev/link/hydration-mismatch

  ...
    <InnerLayoutRouter url="/p/cmt02un..." tree={[...]} params={{pageId:"cm..."}} cacheNode={{rsc:<Fragment>, ...}} ...>
      <SegmentViewNode type="page" pagePath="/ShipStudi...">
        <SegmentTrieNode>
        <PageReport>
          <AppShell>
            <div className="min-h-scre...">
              <a>
              <div className="flex">
                <nav>
                <div className="min-w-0 fl...">
                  <header>
                  <ActiveRunBar>
                  <details>
                  <main id="main" className="px-3 py-4 ...">
                    <div>
                    <section>
                    <section>
                    <section>
                    <section>
                    <div className="space-y-2">
                      <AuditSection>
                        <details open={true} className="overflow-h...">
                          <summary>
                          <ul className="divide-y d...">
                            <li>
                            <li>
                            <li>
                            <li>
                            <li>
                              <AuditItem>
                                <details className="group">
                                  <summary>
                                  <div className="space-y-3 ...">
                                    <p>
                                    <DetailTable>
                                      <div
-                                       className="-mx-1 overflow-x-auto"
                                      >
+                                       <div className="-mx-1 overflow-x-auto">
-                                       <table className="w-full min-w-[420px] border-collapse text-[11.5px]">
                                        ...
                            ...
                      ...
                    ...
      ...

    at throwOnHydrationMismatch (http://localhost:3000/_next/static/chunks/883b8_next_dist_compiled_react-dom_dd85c1dd._.js:3348:56)
    at beginWork (http://localhost:3000/_next/static/chunks/883b8_next_dist_compiled_react-dom_dd85c1dd._.js:6775:918)
    at runWithFiberInDEV (http://localhost:3000/_next/static/chunks/883b8_next_dist_compiled_react-dom_dd85c1dd._.js:965:74)
    at performUnitOfWork (http://localhost:3000/_next/static/chunks/883b8_next_dist_compiled_react-dom_dd85c1dd._.js:9562:97)
    at workLoopConcurrentByScheduler (http://localhost:3000/_next/static/chunks/883b8_next_dist_compiled_react-dom_dd85c1dd._.js:9558:58)
    at renderRootConcurrent (http://localhost:3000/_next/static/chunks/883b8_next_dist_compiled_react-dom_dd85c1dd._.js:9541:71)
    at performWorkOnRoot (http://localhost:3000/_next/static/chunks/883b8_next_dist_compiled_react-dom_dd85c1dd._.js:9068:150)
    at performWorkOnRootViaSchedulerTask (http://localhost:3000/_next/static/chunks/883b8_next_dist_compiled_react-dom_dd85c1dd._.js:10230:9)
    at MessagePort.performWorkUntilDeadline (http://localhost:3000/_next/static/chunks/883b8_next_dist_compiled_041f5896._.js:2647:64)
[  221935ms] [LOG] [Fast Refresh] rebuilding @ http://localhost:3000/_next/static/chunks/883b8_next_dist_9ee7ee9b._.js:2297
[  222146ms] [LOG] [Fast Refresh] done in 281ms @ http://localhost:3000/_next/static/chunks/883b8_next_dist_9ee7ee9b._.js:2297
