[     114ms] [INFO] %cDownload the React DevTools for a better development experience: https://react.dev/link/react-devtools font-weight:bold @ http://localhost:3381/_next/static/chunks/883b8_next_dist_9ee7ee9b._.js:2297
[     175ms] [LOG] [HMR] connected @ http://localhost:3381/_next/static/chunks/883b8_next_dist_9ee7ee9b._.js:2297
[     451ms] [LOG] [Fast Refresh] rebuilding @ http://localhost:3381/_next/static/chunks/883b8_next_dist_9ee7ee9b._.js:2297
[     596ms] [ERROR] Failed to load resource: net::ERR_CONNECTION_REFUSED @ http://localhost:3381/?_rsc=1ch6o:0
[     596ms] [ERROR] Failed to fetch RSC payload for http://localhost:3381/. Falling back to browser navigation. TypeError: Failed to fetch
    at createFetch (http://localhost:3381/_next/static/chunks/883b8_next_dist_client_93c1f073._.js:2588:24)
    at fetchServerResponse (http://localhost:3381/_next/static/chunks/883b8_next_dist_client_93c1f073._.js:2490:27)
    at fetchMissingDynamicData (http://localhost:3381/_next/static/chunks/883b8_next_dist_client_93c1f073._.js:3654:75)
    at spawnDynamicRequests (http://localhost:3381/_next/static/chunks/883b8_next_dist_client_93c1f073._.js:3501:35)
    at navigateToSeededRoute (http://localhost:3381/_next/static/chunks/883b8_next_dist_client_93c1f073._.js:7739:50)
    at refreshDynamicData (http://localhost:3381/_next/static/chunks/883b8_next_dist_client_93c1f073._.js:8345:58)
    at hmrRefreshReducer (http://localhost:3381/_next/static/chunks/883b8_next_dist_client_93c1f073._.js:8511:51)
    at clientReducer (http://localhost:3381/_next/static/chunks/883b8_next_dist_client_93c1f073._.js:9079:65)
    at Object.action (http://localhost:3381/_next/static/chunks/883b8_next_dist_client_93c1f073._.js:9308:55)
    at runAction (http://localhost:3381/_next/static/chunks/883b8_next_dist_client_93c1f073._.js:9213:38)
    at dispatchAction (http://localhost:3381/_next/static/chunks/883b8_next_dist_client_93c1f073._.js:9276:9)
    at Object.dispatch (http://localhost:3381/_next/static/chunks/883b8_next_dist_client_93c1f073._.js:9306:40)
    at http://localhost:3381/_next/static/chunks/883b8_next_dist_client_93c1f073._.js:1489:29
    at startTransition (http://localhost:3381/_next/static/chunks/883b8_next_dist_compiled_react-dom_dd85c1dd._.js:5500:31)
    at dispatch (http://localhost:3381/_next/static/chunks/883b8_next_dist_client_93c1f073._.js:1488:13)
    at dispatchAppRouterAction (http://localhost:3381/_next/static/chunks/883b8_next_dist_client_93c1f073._.js:1470:5)
    at http://localhost:3381/_next/static/chunks/883b8_next_dist_client_93c1f073._.js:9437:61
    at startTransition (http://localhost:3381/_next/static/chunks/883b8_next_dist_compiled_041f5896._.js:1279:31)
    at Object.hmrRefresh (http://localhost:3381/_next/static/chunks/883b8_next_dist_client_93c1f073._.js:9436:40)
    at processMessage (http://localhost:3381/_next/static/chunks/883b8_next_dist_client_93c1f073._.js:11641:67)
    at WebSocket.handleMessage (http://localhost:3381/_next/static/chunks/883b8_next_dist_client_93c1f073._.js:10912:52) @ http://localhost:3381/_next/static/chunks/883b8_next_dist_9ee7ee9b._.js:3127
[     598ms] [ERROR] Failed to load resource: net::ERR_CONNECTION_REFUSED @ http://localhost:3381/?_rsc=1ch6o:0
[     598ms] [ERROR] Failed to fetch RSC payload for http://localhost:3381/. Falling back to browser navigation. TypeError: Failed to fetch
    at createFetch (http://localhost:3381/_next/static/chunks/883b8_next_dist_client_93c1f073._.js:2588:24)
    at fetchServerResponse (http://localhost:3381/_next/static/chunks/883b8_next_dist_client_93c1f073._.js:2490:27)
    at fetchMissingDynamicData (http://localhost:3381/_next/static/chunks/883b8_next_dist_client_93c1f073._.js:3654:75)
    at spawnDynamicRequests (http://localhost:3381/_next/static/chunks/883b8_next_dist_client_93c1f073._.js:3501:35)
    at navigateToSeededRoute (http://localhost:3381/_next/static/chunks/883b8_next_dist_client_93c1f073._.js:7739:50)
    at refreshDynamicData (http://localhost:3381/_next/static/chunks/883b8_next_dist_client_93c1f073._.js:8345:58)
    at hmrRefreshReducer (http://localhost:3381/_next/static/chunks/883b8_next_dist_client_93c1f073._.js:8511:51)
    at clientReducer (http://localhost:3381/_next/static/chunks/883b8_next_dist_client_93c1f073._.js:9079:65)
    at Object.action (http://localhost:3381/_next/static/chunks/883b8_next_dist_client_93c1f073._.js:9308:55)
    at runAction (http://localhost:3381/_next/static/chunks/883b8_next_dist_client_93c1f073._.js:9213:38)
    at dispatchAction (http://localhost:3381/_next/static/chunks/883b8_next_dist_client_93c1f073._.js:9276:9)
    at Object.dispatch (http://localhost:3381/_next/static/chunks/883b8_next_dist_client_93c1f073._.js:9306:40)
    at http://localhost:3381/_next/static/chunks/883b8_next_dist_client_93c1f073._.js:1489:29
    at startTransition (http://localhost:3381/_next/static/chunks/883b8_next_dist_compiled_react-dom_dd85c1dd._.js:5500:31)
    at dispatch (http://localhost:3381/_next/static/chunks/883b8_next_dist_client_93c1f073._.js:1488:13)
    at dispatchAppRouterAction (http://localhost:3381/_next/static/chunks/883b8_next_dist_client_93c1f073._.js:1470:5)
    at http://localhost:3381/_next/static/chunks/883b8_next_dist_client_93c1f073._.js:9437:61
    at startTransition (http://localhost:3381/_next/static/chunks/883b8_next_dist_compiled_041f5896._.js:1279:31)
    at Object.hmrRefresh (http://localhost:3381/_next/static/chunks/883b8_next_dist_client_93c1f073._.js:9436:40)
    at processMessage (http://localhost:3381/_next/static/chunks/883b8_next_dist_client_93c1f073._.js:11641:67)
    at WebSocket.handleMessage (http://localhost:3381/_next/static/chunks/883b8_next_dist_client_93c1f073._.js:10912:52) @ http://localhost:3381/_next/static/chunks/883b8_next_dist_9ee7ee9b._.js:3127
[     601ms] [ERROR] Failed to load resource: net::ERR_CONNECTION_REFUSED @ http://localhost:3381/?_rsc=1ch6o:0
[     601ms] [ERROR] Failed to fetch RSC payload for http://localhost:3381/. Falling back to browser navigation. TypeError: Failed to fetch
    at createFetch (http://localhost:3381/_next/static/chunks/883b8_next_dist_client_93c1f073._.js:2588:24)
    at fetchServerResponse (http://localhost:3381/_next/static/chunks/883b8_next_dist_client_93c1f073._.js:2490:27)
    at fetchMissingDynamicData (http://localhost:3381/_next/static/chunks/883b8_next_dist_client_93c1f073._.js:3654:75)
    at spawnDynamicRequests (http://localhost:3381/_next/static/chunks/883b8_next_dist_client_93c1f073._.js:3501:35)
    at navigateToSeededRoute (http://localhost:3381/_next/static/chunks/883b8_next_dist_client_93c1f073._.js:7739:50)
    at refreshDynamicData (http://localhost:3381/_next/static/chunks/883b8_next_dist_client_93c1f073._.js:8345:58)
    at hmrRefreshReducer (http://localhost:3381/_next/static/chunks/883b8_next_dist_client_93c1f073._.js:8511:51)
    at clientReducer (http://localhost:3381/_next/static/chunks/883b8_next_dist_client_93c1f073._.js:9079:65)
    at Object.action (http://localhost:3381/_next/static/chunks/883b8_next_dist_client_93c1f073._.js:9308:55)
    at runAction (http://localhost:3381/_next/static/chunks/883b8_next_dist_client_93c1f073._.js:9213:38)
    at dispatchAction (http://localhost:3381/_next/static/chunks/883b8_next_dist_client_93c1f073._.js:9276:9)
    at Object.dispatch (http://localhost:3381/_next/static/chunks/883b8_next_dist_client_93c1f073._.js:9306:40)
    at http://localhost:3381/_next/static/chunks/883b8_next_dist_client_93c1f073._.js:1489:29
    at startTransition (http://localhost:3381/_next/static/chunks/883b8_next_dist_compiled_react-dom_dd85c1dd._.js:5500:31)
    at dispatch (http://localhost:3381/_next/static/chunks/883b8_next_dist_client_93c1f073._.js:1488:13)
    at dispatchAppRouterAction (http://localhost:3381/_next/static/chunks/883b8_next_dist_client_93c1f073._.js:1470:5)
    at http://localhost:3381/_next/static/chunks/883b8_next_dist_client_93c1f073._.js:9437:61
    at startTransition (http://localhost:3381/_next/static/chunks/883b8_next_dist_compiled_041f5896._.js:1279:31)
    at Object.hmrRefresh (http://localhost:3381/_next/static/chunks/883b8_next_dist_client_93c1f073._.js:9436:40)
    at processMessage (http://localhost:3381/_next/static/chunks/883b8_next_dist_client_93c1f073._.js:11641:67)
    at WebSocket.handleMessage (http://localhost:3381/_next/static/chunks/883b8_next_dist_client_93c1f073._.js:10912:52) @ http://localhost:3381/_next/static/chunks/883b8_next_dist_9ee7ee9b._.js:3127
[     602ms] [ERROR] Failed to load resource: net::ERR_CONNECTION_REFUSED @ http://localhost:3381/?_rsc=1ch6o:0
[     602ms] [ERROR] Failed to fetch RSC payload for http://localhost:3381/. Falling back to browser navigation. TypeError: Failed to fetch
    at createFetch (http://localhost:3381/_next/static/chunks/883b8_next_dist_client_93c1f073._.js:2588:24)
    at fetchServerResponse (http://localhost:3381/_next/static/chunks/883b8_next_dist_client_93c1f073._.js:2490:27)
    at fetchMissingDynamicData (http://localhost:3381/_next/static/chunks/883b8_next_dist_client_93c1f073._.js:3654:75)
    at spawnDynamicRequests (http://localhost:3381/_next/static/chunks/883b8_next_dist_client_93c1f073._.js:3501:35)
    at navigateToSeededRoute (http://localhost:3381/_next/static/chunks/883b8_next_dist_client_93c1f073._.js:7739:50)
    at refreshDynamicData (http://localhost:3381/_next/static/chunks/883b8_next_dist_client_93c1f073._.js:8345:58)
    at hmrRefreshReducer (http://localhost:3381/_next/static/chunks/883b8_next_dist_client_93c1f073._.js:8511:51)
    at clientReducer (http://localhost:3381/_next/static/chunks/883b8_next_dist_client_93c1f073._.js:9079:65)
    at Object.action (http://localhost:3381/_next/static/chunks/883b8_next_dist_client_93c1f073._.js:9308:55)
    at runAction (http://localhost:3381/_next/static/chunks/883b8_next_dist_client_93c1f073._.js:9213:38)
    at dispatchAction (http://localhost:3381/_next/static/chunks/883b8_next_dist_client_93c1f073._.js:9276:9)
    at Object.dispatch (http://localhost:3381/_next/static/chunks/883b8_next_dist_client_93c1f073._.js:9306:40)
    at http://localhost:3381/_next/static/chunks/883b8_next_dist_client_93c1f073._.js:1489:29
    at startTransition (http://localhost:3381/_next/static/chunks/883b8_next_dist_compiled_react-dom_dd85c1dd._.js:5500:31)
    at dispatch (http://localhost:3381/_next/static/chunks/883b8_next_dist_client_93c1f073._.js:1488:13)
    at dispatchAppRouterAction (http://localhost:3381/_next/static/chunks/883b8_next_dist_client_93c1f073._.js:1470:5)
    at http://localhost:3381/_next/static/chunks/883b8_next_dist_client_93c1f073._.js:9437:61
    at startTransition (http://localhost:3381/_next/static/chunks/883b8_next_dist_compiled_041f5896._.js:1279:31)
    at Object.hmrRefresh (http://localhost:3381/_next/static/chunks/883b8_next_dist_client_93c1f073._.js:9436:40)
    at processMessage (http://localhost:3381/_next/static/chunks/883b8_next_dist_client_93c1f073._.js:11641:67)
    at WebSocket.handleMessage (http://localhost:3381/_next/static/chunks/883b8_next_dist_client_93c1f073._.js:10912:52) @ http://localhost:3381/_next/static/chunks/883b8_next_dist_9ee7ee9b._.js:3127
[     602ms] [ERROR] Failed to load resource: net::ERR_CONNECTION_REFUSED @ http://localhost:3381/?_rsc=1ch6o:0
[     602ms] [ERROR] Failed to fetch RSC payload for http://localhost:3381/. Falling back to browser navigation. TypeError: Failed to fetch
    at createFetch (http://localhost:3381/_next/static/chunks/883b8_next_dist_client_93c1f073._.js:2588:24)
    at fetchServerResponse (http://localhost:3381/_next/static/chunks/883b8_next_dist_client_93c1f073._.js:2490:27)
    at fetchMissingDynamicData (http://localhost:3381/_next/static/chunks/883b8_next_dist_client_93c1f073._.js:3654:75)
    at spawnDynamicRequests (http://localhost:3381/_next/static/chunks/883b8_next_dist_client_93c1f073._.js:3501:35)
    at navigateToSeededRoute (http://localhost:3381/_next/static/chunks/883b8_next_dist_client_93c1f073._.js:7739:50)
    at refreshDynamicData (http://localhost:3381/_next/static/chunks/883b8_next_dist_client_93c1f073._.js:8345:58)
    at hmrRefreshReducer (http://localhost:3381/_next/static/chunks/883b8_next_dist_client_93c1f073._.js:8511:51)
    at clientReducer (http://localhost:3381/_next/static/chunks/883b8_next_dist_client_93c1f073._.js:9079:65)
    at Object.action (http://localhost:3381/_next/static/chunks/883b8_next_dist_client_93c1f073._.js:9308:55)
    at runAction (http://localhost:3381/_next/static/chunks/883b8_next_dist_client_93c1f073._.js:9213:38)
    at dispatchAction (http://localhost:3381/_next/static/chunks/883b8_next_dist_client_93c1f073._.js:9276:9)
    at Object.dispatch (http://localhost:3381/_next/static/chunks/883b8_next_dist_client_93c1f073._.js:9306:40)
    at http://localhost:3381/_next/static/chunks/883b8_next_dist_client_93c1f073._.js:1489:29
    at startTransition (http://localhost:3381/_next/static/chunks/883b8_next_dist_compiled_react-dom_dd85c1dd._.js:5500:31)
    at dispatch (http://localhost:3381/_next/static/chunks/883b8_next_dist_client_93c1f073._.js:1488:13)
    at dispatchAppRouterAction (http://localhost:3381/_next/static/chunks/883b8_next_dist_client_93c1f073._.js:1470:5)
    at http://localhost:3381/_next/static/chunks/883b8_next_dist_client_93c1f073._.js:9437:61
    at startTransition (http://localhost:3381/_next/static/chunks/883b8_next_dist_compiled_041f5896._.js:1279:31)
    at Object.hmrRefresh (http://localhost:3381/_next/static/chunks/883b8_next_dist_client_93c1f073._.js:9436:40)
    at processMessage (http://localhost:3381/_next/static/chunks/883b8_next_dist_client_93c1f073._.js:11641:67)
    at WebSocket.handleMessage (http://localhost:3381/_next/static/chunks/883b8_next_dist_client_93c1f073._.js:10912:52) @ http://localhost:3381/_next/static/chunks/883b8_next_dist_9ee7ee9b._.js:3127
[     606ms] [ERROR] Failed to load resource: net::ERR_CONNECTION_REFUSED @ http://localhost:3381/?_rsc=1ch6o:0
[     606ms] [ERROR] Failed to fetch RSC payload for http://localhost:3381/. Falling back to browser navigation. TypeError: Failed to fetch
    at createFetch (http://localhost:3381/_next/static/chunks/883b8_next_dist_client_93c1f073._.js:2588:24)
    at fetchServerResponse (http://localhost:3381/_next/static/chunks/883b8_next_dist_client_93c1f073._.js:2490:27)
    at fetchMissingDynamicData (http://localhost:3381/_next/static/chunks/883b8_next_dist_client_93c1f073._.js:3654:75)
    at spawnDynamicRequests (http://localhost:3381/_next/static/chunks/883b8_next_dist_client_93c1f073._.js:3501:35)
    at navigateToSeededRoute (http://localhost:3381/_next/static/chunks/883b8_next_dist_client_93c1f073._.js:7739:50)
    at refreshDynamicData (http://localhost:3381/_next/static/chunks/883b8_next_dist_client_93c1f073._.js:8345:58)
    at hmrRefreshReducer (http://localhost:3381/_next/static/chunks/883b8_next_dist_client_93c1f073._.js:8511:51)
    at clientReducer (http://localhost:3381/_next/static/chunks/883b8_next_dist_client_93c1f073._.js:9079:65)
    at Object.action (http://localhost:3381/_next/static/chunks/883b8_next_dist_client_93c1f073._.js:9308:55)
    at runAction (http://localhost:3381/_next/static/chunks/883b8_next_dist_client_93c1f073._.js:9213:38)
    at dispatchAction (http://localhost:3381/_next/static/chunks/883b8_next_dist_client_93c1f073._.js:9276:9)
    at Object.dispatch (http://localhost:3381/_next/static/chunks/883b8_next_dist_client_93c1f073._.js:9306:40)
    at http://localhost:3381/_next/static/chunks/883b8_next_dist_client_93c1f073._.js:1489:29
    at startTransition (http://localhost:3381/_next/static/chunks/883b8_next_dist_compiled_react-dom_dd85c1dd._.js:5500:31)
    at dispatch (http://localhost:3381/_next/static/chunks/883b8_next_dist_client_93c1f073._.js:1488:13)
    at dispatchAppRouterAction (http://localhost:3381/_next/static/chunks/883b8_next_dist_client_93c1f073._.js:1470:5)
    at http://localhost:3381/_next/static/chunks/883b8_next_dist_client_93c1f073._.js:9437:61
    at startTransition (http://localhost:3381/_next/static/chunks/883b8_next_dist_compiled_041f5896._.js:1279:31)
    at Object.hmrRefresh (http://localhost:3381/_next/static/chunks/883b8_next_dist_client_93c1f073._.js:9436:40)
    at processMessage (http://localhost:3381/_next/static/chunks/883b8_next_dist_client_93c1f073._.js:11641:67)
    at WebSocket.handleMessage (http://localhost:3381/_next/static/chunks/883b8_next_dist_client_93c1f073._.js:10912:52) @ http://localhost:3381/_next/static/chunks/883b8_next_dist_9ee7ee9b._.js:3127
[     607ms] [ERROR] Failed to load resource: net::ERR_CONNECTION_REFUSED @ http://localhost:3381/?_rsc=1ch6o:0
[     607ms] [ERROR] Failed to fetch RSC payload for http://localhost:3381/. Falling back to browser navigation. TypeError: Failed to fetch
    at createFetch (http://localhost:3381/_next/static/chunks/883b8_next_dist_client_93c1f073._.js:2588:24)
    at fetchServerResponse (http://localhost:3381/_next/static/chunks/883b8_next_dist_client_93c1f073._.js:2490:27)
    at fetchMissingDynamicData (http://localhost:3381/_next/static/chunks/883b8_next_dist_client_93c1f073._.js:3654:75)
    at spawnDynamicRequests (http://localhost:3381/_next/static/chunks/883b8_next_dist_client_93c1f073._.js:3501:35)
    at navigateToSeededRoute (http://localhost:3381/_next/static/chunks/883b8_next_dist_client_93c1f073._.js:7739:50)
    at refreshDynamicData (http://localhost:3381/_next/static/chunks/883b8_next_dist_client_93c1f073._.js:8345:58)
    at hmrRefreshReducer (http://localhost:3381/_next/static/chunks/883b8_next_dist_client_93c1f073._.js:8511:51)
    at clientReducer (http://localhost:3381/_next/static/chunks/883b8_next_dist_client_93c1f073._.js:9079:65)
    at Object.action (http://localhost:3381/_next/static/chunks/883b8_next_dist_client_93c1f073._.js:9308:55)
    at runAction (http://localhost:3381/_next/static/chunks/883b8_next_dist_client_93c1f073._.js:9213:38)
    at dispatchAction (http://localhost:3381/_next/static/chunks/883b8_next_dist_client_93c1f073._.js:9276:9)
    at Object.dispatch (http://localhost:3381/_next/static/chunks/883b8_next_dist_client_93c1f073._.js:9306:40)
    at http://localhost:3381/_next/static/chunks/883b8_next_dist_client_93c1f073._.js:1489:29
    at startTransition (http://localhost:3381/_next/static/chunks/883b8_next_dist_compiled_react-dom_dd85c1dd._.js:5500:31)
    at dispatch (http://localhost:3381/_next/static/chunks/883b8_next_dist_client_93c1f073._.js:1488:13)
    at dispatchAppRouterAction (http://localhost:3381/_next/static/chunks/883b8_next_dist_client_93c1f073._.js:1470:5)
    at http://localhost:3381/_next/static/chunks/883b8_next_dist_client_93c1f073._.js:9437:61
    at startTransition (http://localhost:3381/_next/static/chunks/883b8_next_dist_compiled_041f5896._.js:1279:31)
    at Object.hmrRefresh (http://localhost:3381/_next/static/chunks/883b8_next_dist_client_93c1f073._.js:9436:40)
    at processMessage (http://localhost:3381/_next/static/chunks/883b8_next_dist_client_93c1f073._.js:11641:67)
    at WebSocket.handleMessage (http://localhost:3381/_next/static/chunks/883b8_next_dist_client_93c1f073._.js:10912:52) @ http://localhost:3381/_next/static/chunks/883b8_next_dist_9ee7ee9b._.js:3127
[     607ms] [ERROR] Failed to load resource: net::ERR_CONNECTION_REFUSED @ http://localhost:3381/?_rsc=1ch6o:0
[     607ms] [ERROR] Failed to fetch RSC payload for http://localhost:3381/. Falling back to browser navigation. TypeError: Failed to fetch
    at createFetch (http://localhost:3381/_next/static/chunks/883b8_next_dist_client_93c1f073._.js:2588:24)
    at fetchServerResponse (http://localhost:3381/_next/static/chunks/883b8_next_dist_client_93c1f073._.js:2490:27)
    at fetchMissingDynamicData (http://localhost:3381/_next/static/chunks/883b8_next_dist_client_93c1f073._.js:3654:75)
    at spawnDynamicRequests (http://localhost:3381/_next/static/chunks/883b8_next_dist_client_93c1f073._.js:3501:35)
    at navigateToSeededRoute (http://localhost:3381/_next/static/chunks/883b8_next_dist_client_93c1f073._.js:7739:50)
    at refreshDynamicData (http://localhost:3381/_next/static/chunks/883b8_next_dist_client_93c1f073._.js:8345:58)
    at hmrRefreshReducer (http://localhost:3381/_next/static/chunks/883b8_next_dist_client_93c1f073._.js:8511:51)
    at clientReducer (http://localhost:3381/_next/static/chunks/883b8_next_dist_client_93c1f073._.js:9079:65)
    at Object.action (http://localhost:3381/_next/static/chunks/883b8_next_dist_client_93c1f073._.js:9308:55)
    at runAction (http://localhost:3381/_next/static/chunks/883b8_next_dist_client_93c1f073._.js:9213:38)
    at dispatchAction (http://localhost:3381/_next/static/chunks/883b8_next_dist_client_93c1f073._.js:9276:9)
    at Object.dispatch (http://localhost:3381/_next/static/chunks/883b8_next_dist_client_93c1f073._.js:9306:40)
    at http://localhost:3381/_next/static/chunks/883b8_next_dist_client_93c1f073._.js:1489:29
    at startTransition (http://localhost:3381/_next/static/chunks/883b8_next_dist_compiled_react-dom_dd85c1dd._.js:5500:31)
    at dispatch (http://localhost:3381/_next/static/chunks/883b8_next_dist_client_93c1f073._.js:1488:13)
    at dispatchAppRouterAction (http://localhost:3381/_next/static/chunks/883b8_next_dist_client_93c1f073._.js:1470:5)
    at http://localhost:3381/_next/static/chunks/883b8_next_dist_client_93c1f073._.js:9437:61
    at startTransition (http://localhost:3381/_next/static/chunks/883b8_next_dist_compiled_041f5896._.js:1279:31)
    at Object.hmrRefresh (http://localhost:3381/_next/static/chunks/883b8_next_dist_client_93c1f073._.js:9436:40)
    at processMessage (http://localhost:3381/_next/static/chunks/883b8_next_dist_client_93c1f073._.js:11641:67)
    at WebSocket.handleMessage (http://localhost:3381/_next/static/chunks/883b8_next_dist_client_93c1f073._.js:10912:52) @ http://localhost:3381/_next/static/chunks/883b8_next_dist_9ee7ee9b._.js:3127
[     614ms] [ERROR] Failed to load resource: net::ERR_CONNECTION_REFUSED @ http://localhost:3381/__nextjs_original-stack-frames:0
[     615ms] [ERROR] Failed to load resource: net::ERR_CONNECTION_REFUSED @ http://localhost:3381/?_rsc=1ch6o:0
[     615ms] [ERROR] Failed to fetch RSC payload for http://localhost:3381/. Falling back to browser navigation. TypeError: Failed to fetch
    at createFetch (http://localhost:3381/_next/static/chunks/883b8_next_dist_client_93c1f073._.js:2588:24)
    at fetchServerResponse (http://localhost:3381/_next/static/chunks/883b8_next_dist_client_93c1f073._.js:2490:27)
    at fetchMissingDynamicData (http://localhost:3381/_next/static/chunks/883b8_next_dist_client_93c1f073._.js:3654:75)
    at spawnDynamicRequests (http://localhost:3381/_next/static/chunks/883b8_next_dist_client_93c1f073._.js:3501:35)
    at navigateToSeededRoute (http://localhost:3381/_next/static/chunks/883b8_next_dist_client_93c1f073._.js:7739:50)
    at refreshDynamicData (http://localhost:3381/_next/static/chunks/883b8_next_dist_client_93c1f073._.js:8345:58)
    at hmrRefreshReducer (http://localhost:3381/_next/static/chunks/883b8_next_dist_client_93c1f073._.js:8511:51)
    at clientReducer (http://localhost:3381/_next/static/chunks/883b8_next_dist_client_93c1f073._.js:9079:65)
    at Object.action (http://localhost:3381/_next/static/chunks/883b8_next_dist_client_93c1f073._.js:9308:55)
    at runAction (http://localhost:3381/_next/static/chunks/883b8_next_dist_client_93c1f073._.js:9213:38)
    at dispatchAction (http://localhost:3381/_next/static/chunks/883b8_next_dist_client_93c1f073._.js:9276:9)
    at Object.dispatch (http://localhost:3381/_next/static/chunks/883b8_next_dist_client_93c1f073._.js:9306:40)
    at http://localhost:3381/_next/static/chunks/883b8_next_dist_client_93c1f073._.js:1489:29
    at startTransition (http://localhost:3381/_next/static/chunks/883b8_next_dist_compiled_react-dom_dd85c1dd._.js:5500:31)
    at dispatch (http://localhost:3381/_next/static/chunks/883b8_next_dist_client_93c1f073._.js:1488:13)
    at dispatchAppRouterAction (http://localhost:3381/_next/static/chunks/883b8_next_dist_client_93c1f073._.js:1470:5)
    at http://localhost:3381/_next/static/chunks/883b8_next_dist_client_93c1f073._.js:9437:61
    at startTransition (http://localhost:3381/_next/static/chunks/883b8_next_dist_compiled_041f5896._.js:1279:31)
    at Object.hmrRefresh (http://localhost:3381/_next/static/chunks/883b8_next_dist_client_93c1f073._.js:9436:40)
    at processMessage (http://localhost:3381/_next/static/chunks/883b8_next_dist_client_93c1f073._.js:11641:67)
    at WebSocket.handleMessage (http://localhost:3381/_next/static/chunks/883b8_next_dist_client_93c1f073._.js:10912:52) @ http://localhost:3381/_next/static/chunks/883b8_next_dist_9ee7ee9b._.js:3127
[     617ms] [ERROR] Failed to load resource: net::ERR_CONNECTION_REFUSED @ http://localhost:3381/__nextjs_font/geist-latin.woff2:0
[     617ms] [ERROR] Failed to load resource: net::ERR_CONNECTION_REFUSED @ http://localhost:3381/?_rsc=1ch6o:0
[     617ms] [ERROR] Failed to fetch RSC payload for http://localhost:3381/. Falling back to browser navigation. TypeError: Failed to fetch
    at createFetch (http://localhost:3381/_next/static/chunks/883b8_next_dist_client_93c1f073._.js:2588:24)
    at fetchServerResponse (http://localhost:3381/_next/static/chunks/883b8_next_dist_client_93c1f073._.js:2490:27)
    at fetchMissingDynamicData (http://localhost:3381/_next/static/chunks/883b8_next_dist_client_93c1f073._.js:3654:75)
    at spawnDynamicRequests (http://localhost:3381/_next/static/chunks/883b8_next_dist_client_93c1f073._.js:3501:35)
    at navigateToSeededRoute (http://localhost:3381/_next/static/chunks/883b8_next_dist_client_93c1f073._.js:7739:50)
    at refreshDynamicData (http://localhost:3381/_next/static/chunks/883b8_next_dist_client_93c1f073._.js:8345:58)
    at hmrRefreshReducer (http://localhost:3381/_next/static/chunks/883b8_next_dist_client_93c1f073._.js:8511:51)
    at clientReducer (http://localhost:3381/_next/static/chunks/883b8_next_dist_client_93c1f073._.js:9079:65)
    at Object.action (http://localhost:3381/_next/static/chunks/883b8_next_dist_client_93c1f073._.js:9308:55)
    at runAction (http://localhost:3381/_next/static/chunks/883b8_next_dist_client_93c1f073._.js:9213:38)
    at dispatchAction (http://localhost:3381/_next/static/chunks/883b8_next_dist_client_93c1f073._.js:9276:9)
    at Object.dispatch (http://localhost:3381/_next/static/chunks/883b8_next_dist_client_93c1f073._.js:9306:40)
    at http://localhost:3381/_next/static/chunks/883b8_next_dist_client_93c1f073._.js:1489:29
    at startTransition (http://localhost:3381/_next/static/chunks/883b8_next_dist_compiled_react-dom_dd85c1dd._.js:5500:31)
    at dispatch (http://localhost:3381/_next/static/chunks/883b8_next_dist_client_93c1f073._.js:1488:13)
    at dispatchAppRouterAction (http://localhost:3381/_next/static/chunks/883b8_next_dist_client_93c1f073._.js:1470:5)
    at http://localhost:3381/_next/static/chunks/883b8_next_dist_client_93c1f073._.js:9437:61
    at startTransition (http://localhost:3381/_next/static/chunks/883b8_next_dist_compiled_041f5896._.js:1279:31)
    at Object.hmrRefresh (http://localhost:3381/_next/static/chunks/883b8_next_dist_client_93c1f073._.js:9436:40)
    at processMessage (http://localhost:3381/_next/static/chunks/883b8_next_dist_client_93c1f073._.js:11641:67)
    at WebSocket.handleMessage (http://localhost:3381/_next/static/chunks/883b8_next_dist_client_93c1f073._.js:10912:52) @ http://localhost:3381/_next/static/chunks/883b8_next_dist_9ee7ee9b._.js:3127
[     618ms] [ERROR] Failed to load resource: net::ERR_CONNECTION_REFUSED @ http://localhost:3381/?_rsc=1ch6o:0
[     618ms] [ERROR] Failed to fetch RSC payload for http://localhost:3381/. Falling back to browser navigation. TypeError: Failed to fetch
    at createFetch (http://localhost:3381/_next/static/chunks/883b8_next_dist_client_93c1f073._.js:2588:24)
    at fetchServerResponse (http://localhost:3381/_next/static/chunks/883b8_next_dist_client_93c1f073._.js:2490:27)
    at fetchMissingDynamicData (http://localhost:3381/_next/static/chunks/883b8_next_dist_client_93c1f073._.js:3654:75)
    at spawnDynamicRequests (http://localhost:3381/_next/static/chunks/883b8_next_dist_client_93c1f073._.js:3501:35)
    at navigateToSeededRoute (http://localhost:3381/_next/static/chunks/883b8_next_dist_client_93c1f073._.js:7739:50)
    at refreshDynamicData (http://localhost:3381/_next/static/chunks/883b8_next_dist_client_93c1f073._.js:8345:58)
    at hmrRefreshReducer (http://localhost:3381/_next/static/chunks/883b8_next_dist_client_93c1f073._.js:8511:51)
    at clientReducer (http://localhost:3381/_next/static/chunks/883b8_next_dist_client_93c1f073._.js:9079:65)
    at Object.action (http://localhost:3381/_next/static/chunks/883b8_next_dist_client_93c1f073._.js:9308:55)
    at runAction (http://localhost:3381/_next/static/chunks/883b8_next_dist_client_93c1f073._.js:9213:38)
    at dispatchAction (http://localhost:3381/_next/static/chunks/883b8_next_dist_client_93c1f073._.js:9276:9)
    at Object.dispatch (http://localhost:3381/_next/static/chunks/883b8_next_dist_client_93c1f073._.js:9306:40)
    at http://localhost:3381/_next/static/chunks/883b8_next_dist_client_93c1f073._.js:1489:29
    at startTransition (http://localhost:3381/_next/static/chunks/883b8_next_dist_compiled_react-dom_dd85c1dd._.js:5500:31)
    at dispatch (http://localhost:3381/_next/static/chunks/883b8_next_dist_client_93c1f073._.js:1488:13)
    at dispatchAppRouterAction (http://localhost:3381/_next/static/chunks/883b8_next_dist_client_93c1f073._.js:1470:5)
    at http://localhost:3381/_next/static/chunks/883b8_next_dist_client_93c1f073._.js:9437:61
    at startTransition (http://localhost:3381/_next/static/chunks/883b8_next_dist_compiled_041f5896._.js:1279:31)
    at Object.hmrRefresh (http://localhost:3381/_next/static/chunks/883b8_next_dist_client_93c1f073._.js:9436:40)
    at processMessage (http://localhost:3381/_next/static/chunks/883b8_next_dist_client_93c1f073._.js:11641:67)
    at WebSocket.handleMessage (http://localhost:3381/_next/static/chunks/883b8_next_dist_client_93c1f073._.js:10912:52) @ http://localhost:3381/_next/static/chunks/883b8_next_dist_9ee7ee9b._.js:3127
[     619ms] [ERROR] Failed to load resource: net::ERR_CONNECTION_REFUSED @ http://localhost:3381/?_rsc=1ch6o:0
[     619ms] [ERROR] Failed to fetch RSC payload for http://localhost:3381/. Falling back to browser navigation. TypeError: Failed to fetch
    at createFetch (http://localhost:3381/_next/static/chunks/883b8_next_dist_client_93c1f073._.js:2588:24)
    at fetchServerResponse (http://localhost:3381/_next/static/chunks/883b8_next_dist_client_93c1f073._.js:2490:27)
    at fetchMissingDynamicData (http://localhost:3381/_next/static/chunks/883b8_next_dist_client_93c1f073._.js:3654:75)
    at spawnDynamicRequests (http://localhost:3381/_next/static/chunks/883b8_next_dist_client_93c1f073._.js:3501:35)
    at navigateToSeededRoute (http://localhost:3381/_next/static/chunks/883b8_next_dist_client_93c1f073._.js:7739:50)
    at refreshDynamicData (http://localhost:3381/_next/static/chunks/883b8_next_dist_client_93c1f073._.js:8345:58)
    at hmrRefreshReducer (http://localhost:3381/_next/static/chunks/883b8_next_dist_client_93c1f073._.js:8511:51)
    at clientReducer (http://localhost:3381/_next/static/chunks/883b8_next_dist_client_93c1f073._.js:9079:65)
    at Object.action (http://localhost:3381/_next/static/chunks/883b8_next_dist_client_93c1f073._.js:9308:55)
    at runAction (http://localhost:3381/_next/static/chunks/883b8_next_dist_client_93c1f073._.js:9213:38)
    at dispatchAction (http://localhost:3381/_next/static/chunks/883b8_next_dist_client_93c1f073._.js:9276:9)
    at Object.dispatch (http://localhost:3381/_next/static/chunks/883b8_next_dist_client_93c1f073._.js:9306:40)
    at http://localhost:3381/_next/static/chunks/883b8_next_dist_client_93c1f073._.js:1489:29
    at startTransition (http://localhost:3381/_next/static/chunks/883b8_next_dist_compiled_react-dom_dd85c1dd._.js:5500:31)
    at dispatch (http://localhost:3381/_next/static/chunks/883b8_next_dist_client_93c1f073._.js:1488:13)
    at dispatchAppRouterAction (http://localhost:3381/_next/static/chunks/883b8_next_dist_client_93c1f073._.js:1470:5)
    at http://localhost:3381/_next/static/chunks/883b8_next_dist_client_93c1f073._.js:9437:61
    at startTransition (http://localhost:3381/_next/static/chunks/883b8_next_dist_compiled_041f5896._.js:1279:31)
    at Object.hmrRefresh (http://localhost:3381/_next/static/chunks/883b8_next_dist_client_93c1f073._.js:9436:40)
    at http://localhost:3381/_next/static/chunks/883b8_next_dist_client_93c1f073._.js:11618:64
    at startTransition (http://localhost:3381/_next/static/chunks/883b8_next_dist_compiled_041f5896._.js:1279:31)
    at processMessage (http://localhost:3381/_next/static/chunks/883b8_next_dist_client_93c1f073._.js:11617:44)
    at WebSocket.handleMessage (http://localhost:3381/_next/static/chunks/883b8_next_dist_client_93c1f073._.js:10912:52) @ http://localhost:3381/_next/static/chunks/883b8_next_dist_9ee7ee9b._.js:3127
[     625ms] [ERROR] Failed to load resource: net::ERR_CONNECTION_REFUSED @ http://localhost:3381/__nextjs_original-stack-frames:0
