[    1030ms] [INFO] %cDownload the React DevTools for a better development experience: https://react.dev/link/react-devtools font-weight:bold @ http://localhost:3000/_next/static/chunks/883b8_next_dist_9ee7ee9b._.js:2297
[    1103ms] [LOG] [HMR] connected @ http://localhost:3000/_next/static/chunks/883b8_next_dist_9ee7ee9b._.js:2297
[  218185ms] [LOG] [Fast Refresh] rebuilding @ http://localhost:3000/_next/static/chunks/883b8_next_dist_9ee7ee9b._.js:2297
[  364817ms] [ERROR] Failed to load resource: net::ERR_EMPTY_RESPONSE @ http://localhost:3000/api/runs/active:0
[  365823ms] [ERROR] WebSocket connection to 'ws://localhost:3000/_next/webpack-hmr?id=mwLELVB0GO3FaaeFFOj_w' failed: Error in connection establishment: net::ERR_CONNECTION_REFUSED @ http://localhost:3000/_next/static/chunks/883b8_next_dist_client_93c1f073._.js:10876
[  366825ms] [ERROR] WebSocket connection to 'ws://localhost:3000/_next/webpack-hmr?id=mwLELVB0GO3FaaeFFOj_w' failed: Error in connection establishment: net::ERR_CONNECTION_REFUSED @ http://localhost:3000/_next/static/chunks/883b8_next_dist_client_93c1f073._.js:10876
[  367933ms] [LOG] [HMR] connected @ http://localhost:3000/_next/static/chunks/883b8_next_dist_9ee7ee9b._.js:2297
[  370208ms] [INFO] %cDownload the React DevTools for a better development experience: https://react.dev/link/react-devtools font-weight:bold @ http://localhost:3000/_next/static/chunks/883b8_next_dist_9ee7ee9b._.js:2297
[  370246ms] [LOG] [HMR] connected @ http://localhost:3000/_next/static/chunks/883b8_next_dist_9ee7ee9b._.js:2297
[  370429ms] [LOG] [Fast Refresh] rebuilding @ http://localhost:3000/_next/static/chunks/883b8_next_dist_9ee7ee9b._.js:2297
[  370714ms] [LOG] [Fast Refresh] done in 385ms @ http://localhost:3000/_next/static/chunks/883b8_next_dist_9ee7ee9b._.js:2297
[  536461ms] [LOG] [Fast Refresh] rebuilding @ http://localhost:3000/_next/static/chunks/883b8_next_dist_9ee7ee9b._.js:2297
[  536480ms] [LOG] [Fast Refresh] done in 14ms @ http://localhost:3000/_next/static/chunks/883b8_next_dist_9ee7ee9b._.js:2297
[  536580ms] [LOG] [Fast Refresh] rebuilding @ http://localhost:3000/_next/static/chunks/883b8_next_dist_9ee7ee9b._.js:2297
[  536700ms] [LOG] [Fast Refresh] done in 217ms @ http://localhost:3000/_next/static/chunks/883b8_next_dist_9ee7ee9b._.js:2297
[  565064ms] [ERROR] WebSocket connection to 'ws://localhost:3000/_next/webpack-hmr?id=RiHKb0gZl2HVionoCnfeA' failed: Error in connection establishment: net::ERR_CONNECTION_REFUSED @ http://localhost:3000/_next/static/chunks/883b8_next_dist_client_93c1f073._.js:10876
[  566068ms] [ERROR] WebSocket connection to 'ws://localhost:3000/_next/webpack-hmr?id=RiHKb0gZl2HVionoCnfeA' failed: Error in connection establishment: net::ERR_CONNECTION_REFUSED @ http://localhost:3000/_next/static/chunks/883b8_next_dist_client_93c1f073._.js:10876
[  567205ms] [LOG] [HMR] connected @ http://localhost:3000/_next/static/chunks/883b8_next_dist_9ee7ee9b._.js:2297
[  568085ms] [INFO] %cDownload the React DevTools for a better development experience: https://react.dev/link/react-devtools font-weight:bold @ http://localhost:3000/_next/static/chunks/883b8_next_dist_9ee7ee9b._.js:2297
[  568114ms] [LOG] [HMR] connected @ http://localhost:3000/_next/static/chunks/883b8_next_dist_9ee7ee9b._.js:2297
[  568293ms] [LOG] [Fast Refresh] rebuilding @ http://localhost:3000/_next/static/chunks/883b8_next_dist_9ee7ee9b._.js:2297
[  568316ms] [LOG] [Fast Refresh] done in 124ms @ http://localhost:3000/_next/static/chunks/883b8_next_dist_9ee7ee9b._.js:2297
[  571269ms] [LOG] [Fast Refresh] rebuilding @ http://localhost:3000/_next/static/chunks/883b8_next_dist_9ee7ee9b._.js:2297
[  571474ms] [LOG] [Fast Refresh] done in 307ms @ http://localhost:3000/_next/static/chunks/883b8_next_dist_9ee7ee9b._.js:2297
